Archive member included to satisfy reference by file (symbol)

.pio/build/bluepill_f103c6/libFrameworkArduino.a(HardwareSerial.cpp.o)
                              .pio/build/bluepill_f103c6/src/main.cpp.o (HardwareSerial::available())
.pio/build/bluepill_f103c6/libFrameworkArduino.a(Print.cpp.o)
                              .pio/build/bluepill_f103c6/src/main.cpp.o (Print::print(char const*))
.pio/build/bluepill_f103c6/libFrameworkArduino.a(Stream.cpp.o)
                              .pio/build/bluepill_f103c6/libFrameworkArduino.a(HardwareSerial.cpp.o) (Stream::readBytes(char*, unsigned int))
.pio/build/bluepill_f103c6/libFrameworkArduino.a(WString.cpp.o)
                              .pio/build/bluepill_f103c6/libFrameworkArduino.a(Stream.cpp.o) (String::String(char const*))
.pio/build/bluepill_f103c6/libFrameworkArduino.a(dtostrf.c.o)
                              .pio/build/bluepill_f103c6/libFrameworkArduino.a(WString.cpp.o) (dtostrf)
.pio/build/bluepill_f103c6/libFrameworkArduino.a(itoa.c.o)
                              .pio/build/bluepill_f103c6/libFrameworkArduino.a(WString.cpp.o) (ltoa)
.pio/build/bluepill_f103c6/libFrameworkArduino.a(main.cpp.o)
                              /home/aditya/.platformio/packages/toolchain-gccarmnoneeabi@1.120301.0/bin/../lib/gcc/arm-none-eabi/12.3.1/../../../../arm-none-eabi/lib/thumb/v7-m/nofp/crt0.o (main)
.pio/build/bluepill_f103c6/libFrameworkArduino.a(pins_arduino.c.o)
                              .pio/build/bluepill_f103c6/SrcWrapper/src/HardwareTimer.cpp.o (pinNametoDigitalPin)
.pio/build/bluepill_f103c6/libFrameworkArduino.a(startup_stm32yyxx.S.o)
                              (Reset_Handler)
.pio/build/bluepill_f103c6/libFrameworkArduino.a(wiring_analog.c.o)
                              .pio/build/bluepill_f103c6/src/main.cpp.o (analogReadResolution)
.pio/build/bluepill_f103c6/libFrameworkArduino.a(wiring_digital.c.o)
                              .pio/build/bluepill_f103c6/SrcWrapper/src/HardwareTimer.cpp.o (pinMode)
.pio/build/bluepill_f103c6/libFrameworkArduino.a(wiring_time.c.o)
                              .pio/build/bluepill_f103c6/src/main.cpp.o (millis)
.pio/build/bluepill_f103c6/libFrameworkArduino.a(WSerial.cpp.o)
                              .pio/build/bluepill_f103c6/libFrameworkArduino.a(main.cpp.o) (serialEventRun())
.pio/build/bluepill_f103c6/libFrameworkArduino.a(board.c.o)
                              .pio/build/bluepill_f103c6/libFrameworkArduino.a(main.cpp.o) (init)
.pio/build/bluepill_f103c6/libFrameworkArduino.a(hooks.c.o)
                              .pio/build/bluepill_f103c6/libFrameworkArduino.a(wiring_time.c.o) (yield)
/home/aditya/.platformio/packages/toolchain-gccarmnoneeabi@1.120301.0/bin/../lib/gcc/arm-none-eabi/12.3.1/thumb/v7-m/nofp/libgcc.a(_arm_muldf3.o)
                              .pio/build/bluepill_f103c6/SrcWrapper/src/HardwareTimer.cpp.o (__aeabi_dmul)
/home/aditya/.platformio/packages/toolchain-gccarmnoneeabi@1.120301.0/bin/../lib/gcc/arm-none-eabi/12.3.1/thumb/v7-m/nofp/libgcc.a(_arm_mulsf3.o)
                              .pio/build/bluepill_f103c6/libFrameworkArduino.a(Print.cpp.o) (__aeabi_fmul)
/home/aditya/.platformio/packages/toolchain-gccarmnoneeabi@1.120301.0/bin/../lib/gcc/arm-none-eabi/12.3.1/thumb/v7-m/nofp/libgcc.a(_arm_addsubdf3.o)
                              .pio/build/bluepill_f103c6/libFrameworkArduino.a(Print.cpp.o) (__aeabi_dsub)
/home/aditya/.platformio/packages/toolchain-gccarmnoneeabi@1.120301.0/bin/../lib/gcc/arm-none-eabi/12.3.1/thumb/v7-m/nofp/libgcc.a(_arm_muldivdf3.o)
                              .pio/build/bluepill_f103c6/SrcWrapper/src/HardwareTimer.cpp.o (__aeabi_ddiv)
/home/aditya/.platformio/packages/toolchain-gccarmnoneeabi@1.120301.0/bin/../lib/gcc/arm-none-eabi/12.3.1/thumb/v7-m/nofp/libgcc.a(_arm_cmpdf2.o)
                              .pio/build/bluepill_f103c6/libFrameworkArduino.a(Print.cpp.o) (__aeabi_dcmplt)
/home/aditya/.platformio/packages/toolchain-gccarmnoneeabi@1.120301.0/bin/../lib/gcc/arm-none-eabi/12.3.1/thumb/v7-m/nofp/libgcc.a(_arm_unorddf2.o)
                              .pio/build/bluepill_f103c6/libFrameworkArduino.a(Print.cpp.o) (__aeabi_dcmpun)
/home/aditya/.platformio/packages/toolchain-gccarmnoneeabi@1.120301.0/bin/../lib/gcc/arm-none-eabi/12.3.1/thumb/v7-m/nofp/libgcc.a(_arm_fixdfsi.o)
                              .pio/build/bluepill_f103c6/libFrameworkArduino.a(dtostrf.c.o) (__aeabi_d2iz)
/home/aditya/.platformio/packages/toolchain-gccarmnoneeabi@1.120301.0/bin/../lib/gcc/arm-none-eabi/12.3.1/thumb/v7-m/nofp/libgcc.a(_arm_fixunsdfsi.o)
                              .pio/build/bluepill_f103c6/SrcWrapper/src/HardwareTimer.cpp.o (__aeabi_d2uiz)
/home/aditya/.platformio/packages/toolchain-gccarmnoneeabi@1.120301.0/bin/../lib/gcc/arm-none-eabi/12.3.1/thumb/v7-m/nofp/libgcc.a(_arm_truncdfsf2.o)
                              .pio/build/bluepill_f103c6/libFrameworkArduino.a(Stream.cpp.o) (__aeabi_d2f)
[...]
Memory Configuration

Name             Origin             Length             Attributes
*default*        0x00000000         0xffffffff
RAM              0x20000000         0x00002800         xrw
FLASH            0x08000000         0x00008000         xr

Linker script and memory map

                0x20002800                        _estack = (ORIGIN (RAM) + LENGTH (RAM))
                0x00000200                        _Min_Heap_Size = 0x200
                0x00000400                        _Min_Stack_Size = 0x400

.isr_vector     0x08000000      0x10c
                0x08000000                        . = ALIGN (0x4)
 *(.isr_vector)
 .isr_vector    0x08000000      0x10c .pio/build/bluepill_f103c6/libFrameworkArduino.a(startup_stm32yyxx.S.o)
                0x08000000                g_pfnVectors
                0x0800010c                        . = ALIGN (0x4)

.text           0x0800010c     0x46d0
                0x0800010c                        . = ALIGN (0x4)
 *(.text)
 .text          0x0800010c       0x14 /home/aditya/.platformio/packages/toolchain-gccarmnoneeabi@1.120301.0/bin/../lib/gcc/arm-none-eabi/12.3.1/../../../../arm-none-eabi/lib/thumb/v7-m/nofp/libc_nano.a(libc_a-strcmp.o)
                0x0800010c                strcmp
 .text          0x08000120       0x10 /home/aditya/.platformio/packages/toolchain-gccarmnoneeabi@1.120301.0/bin/../lib/gcc/arm-none-eabi/12.3.1/../../../../arm-none-eabi/lib/thumb/v7-m/nofp/libc_nano.a(libc_a-strlen.o)
                0x08000120                strlen
 *(.text*)
 .text.__do_global_dtors_aux
                0x08000130       0x24 /home/aditya/.platformio/packages/toolchain-gccarmnoneeabi@1.120301.0/bin/../lib/gcc/arm-none-eabi/12.3.1/thumb/v7-m/nofp/crtbegin.o
 .text.frame_dummy
                0x08000154       0x1c /home/aditya/.platformio/packages/toolchain-gccarmnoneeabi@1.120301.0/bin/../lib/gcc/arm-none-eabi/12.3.1/thumb/v7-m/nofp/crtbegin.o
 .text.SystemClock_Config
                0x08000170       0x7c .pio/build/bluepill_f103c6/FrameworkArduinoVariant/variant_BLUEPILL_F103C6.cpp.o
                0x08000170                SystemClock_Config
 .text.HAL_MspInit
                0x080001ec        0x2 .pio/build/bluepill_f103c6/SrcWrapper/src/HAL/stm32yyxx_hal.c.o
                0x080001ec                HAL_MspInit
 *fill*         0x080001ee        0x2 
 .text.HAL_InitTick
                0x080001f0       0x48 .pio/build/bluepill_f103c6/SrcWrapper/src/HAL/stm32yyxx_hal.c.o
                0x080001f0                HAL_InitTick
 .text.HAL_Init
                0x08000238       0x24 .pio/build/bluepill_f103c6/SrcWrapper/src/HAL/stm32yyxx_hal.c.o
                0x08000238                HAL_Init
 .text.HAL_IncTick
                0x0800025c       0x18 .pio/build/bluepill_f103c6/SrcWrapper/src/HAL/stm32yyxx_hal.c.o
                0x0800025c                HAL_IncTick
 .text.HAL_GetTick
                0x08000274        0xc .pio/build/bluepill_f103c6/SrcWrapper/src/HAL/stm32yyxx_hal.c.o
                0x08000274                HAL_GetTick
 .text.HAL_ADC_PollForConversion
                0x08000280      0x164 .pio/build/bluepill_f103c6/SrcWrapper/src/HAL/stm32yyxx_hal_adc.c.o
                0x08000280                HAL_ADC_PollForConversion
 .text.HAL_ADC_GetValue
                0x080003e4        0x6 .pio/build/bluepill_f103c6/SrcWrapper/src/HAL/stm32yyxx_hal_adc.c.o
                0x080003e4                HAL_ADC_GetValue
 *fill*         0x080003ea        0x2 
 .text.HAL_ADC_ConfigChannel
                0x080003ec       0xfc .pio/build/bluepill_f103c6/SrcWrapper/src/HAL/stm32yyxx_hal_adc.c.o
                0x080003ec                HAL_ADC_ConfigChannel
 .text.HAL_ADC_GetState
                0x080004e8        0x4 .pio/build/bluepill_f103c6/SrcWrapper/src/HAL/stm32yyxx_hal_adc.c.o
                0x080004e8                HAL_ADC_GetState
 .text.ADC_Enable
                0x080004ec       0x78 .pio/build/bluepill_f103c6/SrcWrapper/src/HAL/stm32yyxx_hal_adc.c.o
                0x080004ec                ADC_Enable
 .text.HAL_ADC_Start
                0x08000564       0xc4 .pio/build/bluepill_f103c6/SrcWrapper/src/HAL/stm32yyxx_hal_adc.c.o
                0x08000564                HAL_ADC_Start
 .text.ADC_ConversionStop_Disable
                0x08000628       0x4c .pio/build/bluepill_f103c6/SrcWrapper/src/HAL/stm32yyxx_hal_adc.c.o
                0x08000628                ADC_ConversionStop_Disable
 .text.HAL_ADC_Init
                0x08000674       0xfc .pio/build/bluepill_f103c6/SrcWrapper/src/HAL/stm32yyxx_hal_adc.c.o
                0x08000674                HAL_ADC_Init
 .text.HAL_ADC_DeInit
                0x08000770       0xc0 .pio/build/bluepill_f103c6/SrcWrapper/src/HAL/stm32yyxx_hal_adc.c.o
                0x08000770                HAL_ADC_DeInit
 .text.HAL_ADC_Stop
                0x08000830       0x34 .pio/build/bluepill_f103c6/SrcWrapper/src/HAL/stm32yyxx_hal_adc.c.o
                0x08000830                HAL_ADC_Stop
 .text.HAL_ADCEx_Calibration_Start
                0x08000864       0xe0 .pio/build/bluepill_f103c6/SrcWrapper/src/HAL/stm32yyxx_hal_adc_ex.c.o
                0x08000864                HAL_ADCEx_Calibration_Start
 .text.HAL_NVIC_SetPriorityGrouping
                0x08000944       0x24 .pio/build/bluepill_f103c6/SrcWrapper/src/HAL/stm32yyxx_hal_cortex.c.o
                0x08000944                HAL_NVIC_SetPriorityGrouping
 .text.HAL_NVIC_SetPriority
                0x08000968       0x60 .pio/build/bluepill_f103c6/SrcWrapper/src/HAL/stm32yyxx_hal_cortex.c.o
                0x08000968                HAL_NVIC_SetPriority
 .text.HAL_NVIC_EnableIRQ
                0x080009c8       0x1c .pio/build/bluepill_f103c6/SrcWrapper/src/HAL/stm32yyxx_hal_cortex.c.o
                0x080009c8                HAL_NVIC_EnableIRQ
 .text.HAL_NVIC_DisableIRQ
                0x080009e4       0x24 .pio/build/bluepill_f103c6/SrcWrapper/src/HAL/stm32yyxx_hal_cortex.c.o
                0x080009e4                HAL_NVIC_DisableIRQ
 .text.HAL_SYSTICK_Config
                0x08000a08       0x28 .pio/build/bluepill_f103c6/SrcWrapper/src/HAL/stm32yyxx_hal_cortex.c.o
                0x08000a08                HAL_SYSTICK_Config
 .text.HAL_NVIC_ClearPendingIRQ
                0x08000a30       0x1c .pio/build/bluepill_f103c6/SrcWrapper/src/HAL/stm32yyxx_hal_cortex.c.o
                0x08000a30                HAL_NVIC_ClearPendingIRQ
 .text.HAL_SYSTICK_Callback
                0x08000a4c        0x2 .pio/build/bluepill_f103c6/SrcWrapper/src/HAL/stm32yyxx_hal_cortex.c.o
                0x08000a4c                HAL_SYSTICK_Callback
 .text.HAL_SYSTICK_IRQHandler
                0x08000a4e        0x8 .pio/build/bluepill_f103c6/SrcWrapper/src/HAL/stm32yyxx_hal_cortex.c.o
                0x08000a4e                HAL_SYSTICK_IRQHandler
 .text.HAL_CRC_MspInit
                0x08000a56        0x2 .pio/build/bluepill_f103c6/SrcWrapper/src/HAL/stm32yyxx_hal_crc.c.o
                0x08000a56                HAL_CRC_MspInit
 .text.HAL_CRC_Init
                0x08000a58       0x20 .pio/build/bluepill_f103c6/SrcWrapper/src/HAL/stm32yyxx_hal_crc.c.o
                0x08000a58                HAL_CRC_Init
 .text.HAL_DMA_Abort
                0x08000a78       0x3e .pio/build/bluepill_f103c6/SrcWrapper/src/HAL/stm32yyxx_hal_dma.c.o
                0x08000a78                HAL_DMA_Abort
 *fill*         0x08000ab6        0x2 
 .text.HAL_DMA_Abort_IT
                0x08000ab8       0x8c .pio/build/bluepill_f103c6/SrcWrapper/src/HAL/stm32yyxx_hal_dma.c.o
                0x08000ab8                HAL_DMA_Abort_IT
 .text.HAL_GPIO_EXTI_IRQHandler
                0x08000b44       0x18 .pio/build/bluepill_f103c6/SrcWrapper/src/HAL/stm32yyxx_hal_gpio.c.o
                0x08000b44                HAL_GPIO_EXTI_IRQHandler
 .text.HAL_RCC_OscConfig
                0x08000b5c      0x338 .pio/build/bluepill_f103c6/SrcWrapper/src/HAL/stm32yyxx_hal_rcc.c.o
                0x08000b5c                HAL_RCC_OscConfig
 .text.HAL_RCC_GetSysClockFreq
                0x08000e94       0x4c .pio/build/bluepill_f103c6/SrcWrapper/src/HAL/stm32yyxx_hal_rcc.c.o
                0x08000e94                HAL_RCC_GetSysClockFreq
 .text.HAL_RCC_ClockConfig
                0x08000ee0      0x138 .pio/build/bluepill_f103c6/SrcWrapper/src/HAL/stm32yyxx_hal_rcc.c.o
                0x08000ee0                HAL_RCC_ClockConfig
 .text.HAL_RCC_GetPCLK1Freq
                0x08001018       0x20 .pio/build/bluepill_f103c6/SrcWrapper/src/HAL/stm32yyxx_hal_rcc.c.o
                0x08001018                HAL_RCC_GetPCLK1Freq
 .text.HAL_RCC_GetPCLK2Freq
                0x08001038       0x20 .pio/build/bluepill_f103c6/SrcWrapper/src/HAL/stm32yyxx_hal_rcc.c.o
                0x08001038                HAL_RCC_GetPCLK2Freq
 .text.HAL_RCCEx_PeriphCLKConfig
                0x08001058       0xf4 .pio/build/bluepill_f103c6/SrcWrapper/src/HAL/stm32yyxx_hal_rcc_ex.c.o
                0x08001058                HAL_RCCEx_PeriphCLKConfig
 .text.HAL_RCCEx_GetPeriphCLKFreq
                0x0800114c       0xbc .pio/build/bluepill_f103c6/SrcWrapper/src/HAL/stm32yyxx_hal_rcc_ex.c.o
                0x0800114c                HAL_RCCEx_GetPeriphCLKFreq
 .text.HAL_TIM_PWM_PulseFinishedCallback
                0x08001208        0x2 .pio/build/bluepill_f103c6/SrcWrapper/src/HAL/stm32yyxx_hal_tim.c.o
                0x08001208                HAL_TIM_PWM_PulseFinishedCallback
 .text.HAL_TIM_TriggerCallback
                0x0800120a        0x2 .pio/build/bluepill_f103c6/SrcWrapper/src/HAL/stm32yyxx_hal_tim.c.o
                0x0800120a                HAL_TIM_TriggerCallback
 .text.HAL_TIM_IRQHandler
                0x0800120c      0x128 .pio/build/bluepill_f103c6/SrcWrapper/src/HAL/stm32yyxx_hal_tim.c.o
                0x0800120c                HAL_TIM_IRQHandler
 .text.TIM_Base_SetConfig
                0x08001334       0x5c .pio/build/bluepill_f103c6/SrcWrapper/src/HAL/stm32yyxx_hal_tim.c.o
                0x08001334                TIM_Base_SetConfig
 .text.HAL_TIM_Base_Init
                0x08001390       0x58 .pio/build/bluepill_f103c6/SrcWrapper/src/HAL/stm32yyxx_hal_tim.c.o
                0x08001390                HAL_TIM_Base_Init
 .text.HAL_TIMEx_CommutCallback
                0x080013e8        0x2 .pio/build/bluepill_f103c6/SrcWrapper/src/HAL/stm32yyxx_hal_tim_ex.c.o
                0x080013e8                HAL_TIMEx_CommutCallback
 .text.HAL_TIMEx_BreakCallback
                0x080013ea        0x2 .pio/build/bluepill_f103c6/SrcWrapper/src/HAL/stm32yyxx_hal_tim_ex.c.o
                0x080013ea                HAL_TIMEx_BreakCallback
 .text.UART_EndRxTransfer
                0x080013ec       0x5c .pio/build/bluepill_f103c6/SrcWrapper/src/HAL/stm32yyxx_hal_uart.c.o
 .text.UART_SetConfig
                0x08001448       0x74 .pio/build/bluepill_f103c6/SrcWrapper/src/HAL/stm32yyxx_hal_uart.c.o
 .text.HAL_UART_MspInit
                0x080014bc        0x2 .pio/build/bluepill_f103c6/SrcWrapper/src/HAL/stm32yyxx_hal_uart.c.o
                0x080014bc                HAL_UART_MspInit
 .text.HAL_UART_Init
                0x080014be       0x5e .pio/build/bluepill_f103c6/SrcWrapper/src/HAL/stm32yyxx_hal_uart.c.o
                0x080014be                HAL_UART_Init
 .text.HAL_HalfDuplex_Init
                0x0800151c       0x66 .pio/build/bluepill_f103c6/SrcWrapper/src/HAL/stm32yyxx_hal_uart.c.o
                0x0800151c                HAL_HalfDuplex_Init
 .text.HAL_UART_Transmit_IT
                0x08001582       0x32 .pio/build/bluepill_f103c6/SrcWrapper/src/HAL/stm32yyxx_hal_uart.c.o
                0x08001582                HAL_UART_Transmit_IT
 .text.UART_DMAAbortOnError
                0x080015b4       0x10 .pio/build/bluepill_f103c6/SrcWrapper/src/HAL/stm32yyxx_hal_uart.c.o
 .text.HAL_UARTEx_RxEventCallback
                0x080015c4        0x2 .pio/build/bluepill_f103c6/SrcWrapper/src/HAL/stm32yyxx_hal_uart.c.o
                0x080015c4                HAL_UARTEx_RxEventCallback
 .text.UART_Receive_IT.isra.0
                0x080015c6       0xb6 .pio/build/bluepill_f103c6/SrcWrapper/src/HAL/stm32yyxx_hal_uart.c.o
 .text.HAL_UART_IRQHandler
                0x0800167c      0x2d8 .pio/build/bluepill_f103c6/SrcWrapper/src/HAL/stm32yyxx_hal_uart.c.o
                0x0800167c                HAL_UART_IRQHandler
 .text.HAL_HalfDuplex_EnableTransmitter
                0x08001954       0x30 .pio/build/bluepill_f103c6/SrcWrapper/src/HAL/stm32yyxx_hal_uart.c.o
                0x08001954                HAL_HalfDuplex_EnableTransmitter
 .text.HAL_HalfDuplex_EnableReceiver
                0x08001984       0x30 .pio/build/bluepill_f103c6/SrcWrapper/src/HAL/stm32yyxx_hal_uart.c.o
                0x08001984                HAL_HalfDuplex_EnableReceiver
 .text.HAL_UART_GetState
                0x080019b4        0xc .pio/build/bluepill_f103c6/SrcWrapper/src/HAL/stm32yyxx_hal_uart.c.o
                0x080019b4                HAL_UART_GetState
 .text.UART_Start_Receive_IT
                0x080019c0       0x32 .pio/build/bluepill_f103c6/SrcWrapper/src/HAL/stm32yyxx_hal_uart.c.o
                0x080019c0                UART_Start_Receive_IT
 .text.HAL_UART_Receive_IT
                0x080019f2       0x22 .pio/build/bluepill_f103c6/SrcWrapper/src/HAL/stm32yyxx_hal_uart.c.o
                0x080019f2                HAL_UART_Receive_IT
 .text._ZNSt8functionIFvvEEaSEDn.isra.0
                0x08001a14       0x16 .pio/build/bluepill_f103c6/SrcWrapper/src/HardwareTimer.cpp.o
 .text._ZNSt14_Function_baseD2Ev
                0x08001a2a       0x12 .pio/build/bluepill_f103c6/SrcWrapper/src/HardwareTimer.cpp.o
                0x08001a2a                std::_Function_base::~_Function_base()
                0x08001a2a                std::_Function_base::~_Function_base()
 .text._Z15get_timer_indexP11TIM_TypeDef
                0x08001a3c       0x28 .pio/build/bluepill_f103c6/SrcWrapper/src/HardwareTimer.cpp.o
                0x08001a3c                get_timer_index(TIM_TypeDef*)
 .text._ZN13HardwareTimerD2Ev
                0x08001a64       0x40 .pio/build/bluepill_f103c6/SrcWrapper/src/HardwareTimer.cpp.o
                0x08001a64                HardwareTimer::~HardwareTimer()
                0x08001a64                HardwareTimer::~HardwareTimer()
 .text._ZN13HardwareTimer5setupEP11TIM_TypeDef
                0x08001aa4       0x84 .pio/build/bluepill_f103c6/SrcWrapper/src/HardwareTimer.cpp.o
                0x08001aa4                HardwareTimer::setup(TIM_TypeDef*)
 .text.TIM1_UP_IRQHandler
                0x08001b28       0x14 .pio/build/bluepill_f103c6/SrcWrapper/src/HardwareTimer.cpp.o
                0x08001b28                TIM1_UP_IRQHandler
 .text.TIM1_CC_IRQHandler
                0x08001b3c        0x4 .pio/build/bluepill_f103c6/SrcWrapper/src/HardwareTimer.cpp.o
                0x08001b3c                TIM1_CC_IRQHandler
 .text.TIM2_IRQHandler
                0x08001b40       0x14 .pio/build/bluepill_f103c6/SrcWrapper/src/HardwareTimer.cpp.o
                0x08001b40                TIM2_IRQHandler
 .text.TIM3_IRQHandler
                0x08001b54       0x14 .pio/build/bluepill_f103c6/SrcWrapper/src/HardwareTimer.cpp.o
                0x08001b54                TIM3_IRQHandler
 .text._ZNSt8functionIFvvEEC2Ev
                0x08001b68        0xc .pio/build/bluepill_f103c6/SrcWrapper/src/HardwareTimer.cpp.o
                0x08001b68                std::function<void ()>::function()
                0x08001b68                std::function<void ()>::function()
 .text._ZN13HardwareTimerC2EP11TIM_TypeDef
                0x08001b74       0x2a .pio/build/bluepill_f103c6/SrcWrapper/src/HardwareTimer.cpp.o
                0x08001b74                HardwareTimer::HardwareTimer(TIM_TypeDef*)
                0x08001b74                HardwareTimer::HardwareTimer(TIM_TypeDef*)
 .text._ZNKSt8functionIFvvEEclEv
                0x08001b9e       0x12 .pio/build/bluepill_f103c6/SrcWrapper/src/HardwareTimer.cpp.o
                0x08001b9e                std::function<void ()>::operator()() const
 .text._ZN13HardwareTimer14updateCallbackEP17TIM_HandleTypeDef
                0x08001bb0       0x18 .pio/build/bluepill_f103c6/SrcWrapper/src/HardwareTimer.cpp.o
                0x08001bb0                HardwareTimer::updateCallback(TIM_HandleTypeDef*)
 .text.HAL_TIM_PeriodElapsedCallback
                0x08001bc8        0x4 .pio/build/bluepill_f103c6/SrcWrapper/src/HardwareTimer.cpp.o
                0x08001bc8                HAL_TIM_PeriodElapsedCallback
 .text._ZN13HardwareTimer22captureCompareCallbackEP17TIM_HandleTypeDef
                0x08001bcc       0x3e .pio/build/bluepill_f103c6/SrcWrapper/src/HardwareTimer.cpp.o
                0x08001bcc                HardwareTimer::captureCompareCallback(TIM_HandleTypeDef*)
 .text.HAL_TIM_OC_DelayElapsedCallback
                0x08001c0a        0x4 .pio/build/bluepill_f103c6/SrcWrapper/src/HardwareTimer.cpp.o
                0x08001c0a                HAL_TIM_OC_DelayElapsedCallback
 .text.HAL_TIM_IC_CaptureCallback
                0x08001c0e        0x4 .pio/build/bluepill_f103c6/SrcWrapper/src/HardwareTimer.cpp.o
                0x08001c0e                HAL_TIM_IC_CaptureCallback
 .text._Znwj    0x08001c12        0x4 .pio/build/bluepill_f103c6/SrcWrapper/src/new.cpp.o
                0x08001c12                operator new(unsigned int)
 .text._ZdlPvj  0x08001c16        0x4 .pio/build/bluepill_f103c6/SrcWrapper/src/new.cpp.o
                0x08001c16                operator delete(void*, unsigned int)
 *fill*         0x08001c1a        0x2 
 .text.set_GPIO_Port_Clock
                0x08001c1c       0x88 .pio/build/bluepill_f103c6/SrcWrapper/src/stm32/PortNames.c.o
                0x08001c1c                set_GPIO_Port_Clock
 .text.get_adc_channel
                0x08001ca4       0x18 .pio/build/bluepill_f103c6/SrcWrapper/src/stm32/analog.cpp.o
                0x08001ca4                get_adc_channel
 .text.get_adc_internal_channel
                0x08001cbc       0x1a .pio/build/bluepill_f103c6/SrcWrapper/src/stm32/analog.cpp.o
                0x08001cbc                get_adc_internal_channel
 *fill*         0x08001cd6        0x2 
 .text.HAL_ADC_MspInit
                0x08001cd8       0x64 .pio/build/bluepill_f103c6/SrcWrapper/src/stm32/analog.cpp.o
                0x08001cd8                HAL_ADC_MspInit
 .text.HAL_ADC_MspDeInit
                0x08001d3c       0x58 .pio/build/bluepill_f103c6/SrcWrapper/src/stm32/analog.cpp.o
                0x08001d3c                HAL_ADC_MspDeInit
 .text.adc_read_value
                0x08001d94      0x100 .pio/build/bluepill_f103c6/SrcWrapper/src/stm32/analog.cpp.o
                0x08001d94                adc_read_value
 .text.pwm_stop
                0x08001e94       0x5c .pio/build/bluepill_f103c6/SrcWrapper/src/stm32/analog.cpp.o
                0x08001e94                pwm_stop
 .text.getCurrentMillis
                0x08001ef0        0x4 .pio/build/bluepill_f103c6/SrcWrapper/src/stm32/clock.c.o
                0x08001ef0                getCurrentMillis
 .text.noOsSystickHandler
                0x08001ef4        0x2 .pio/build/bluepill_f103c6/SrcWrapper/src/stm32/clock.c.o
                0x08001ef4                noOsSystickHandler
                0x08001ef4                osSystickHandler
 .text.SysTick_Handler
                0x08001ef6       0x10 .pio/build/bluepill_f103c6/SrcWrapper/src/stm32/clock.c.o
                0x08001ef6                SysTick_Handler
 .text.configHSECapacitorTuning
                0x08001f06        0x2 .pio/build/bluepill_f103c6/SrcWrapper/src/stm32/clock.c.o
                0x08001f06                configHSECapacitorTuning
 .text.configIPClock
                0x08001f08       0x44 .pio/build/bluepill_f103c6/SrcWrapper/src/stm32/clock.c.o
                0x08001f08                configIPClock
 .text.dwt_init
                0x08001f4c       0x3c .pio/build/bluepill_f103c6/SrcWrapper/src/stm32/dwt.c.o
                0x08001f4c                dwt_init
 .text.hw_config_init
                0x08001f88       0x24 .pio/build/bluepill_f103c6/SrcWrapper/src/stm32/hw_config.c.o
                0x08001f88                hw_config_init
 .text.startup._ZNSt8functionIFvvEEC2EDn.constprop.0.isra.0
                0x08001fac        0xc .pio/build/bluepill_f103c6/SrcWrapper/src/stm32/interrupt.cpp.o
 .text.HAL_GPIO_EXTI_Callback
                0x08001fb8       0x2c .pio/build/bluepill_f103c6/SrcWrapper/src/stm32/interrupt.cpp.o
                0x08001fb8                HAL_GPIO_EXTI_Callback
 .text.EXTI0_IRQHandler
                0x08001fe4        0x6 .pio/build/bluepill_f103c6/SrcWrapper/src/stm32/interrupt.cpp.o
                0x08001fe4                EXTI0_IRQHandler
 .text.EXTI1_IRQHandler
                0x08001fea        0x6 .pio/build/bluepill_f103c6/SrcWrapper/src/stm32/interrupt.cpp.o
                0x08001fea                EXTI1_IRQHandler
 .text.EXTI2_IRQHandler
                0x08001ff0        0x6 .pio/build/bluepill_f103c6/SrcWrapper/src/stm32/interrupt.cpp.o
                0x08001ff0                EXTI2_IRQHandler
 .text.EXTI3_IRQHandler
                0x08001ff6        0x6 .pio/build/bluepill_f103c6/SrcWrapper/src/stm32/interrupt.cpp.o
                0x08001ff6                EXTI3_IRQHandler
 .text.EXTI4_IRQHandler
                0x08001ffc        0x6 .pio/build/bluepill_f103c6/SrcWrapper/src/stm32/interrupt.cpp.o
                0x08001ffc                EXTI4_IRQHandler
 .text.EXTI9_5_IRQHandler
                0x08002002       0x16 .pio/build/bluepill_f103c6/SrcWrapper/src/stm32/interrupt.cpp.o
                0x08002002                EXTI9_5_IRQHandler
 .text.EXTI15_10_IRQHandler
                0x08002018       0x18 .pio/build/bluepill_f103c6/SrcWrapper/src/stm32/interrupt.cpp.o
                0x08002018                EXTI15_10_IRQHandler
 .text.startup._GLOBAL__sub_I__Z22stm32_interrupt_enable7PinNameSt8functionIFvvEEm
                0x08002030       0xd8 .pio/build/bluepill_f103c6/SrcWrapper/src/stm32/interrupt.cpp.o
 .text.exit._GLOBAL__sub_D__Z22stm32_interrupt_enable7PinNameSt8functionIFvvEEm
                0x08002108       0x1c .pio/build/bluepill_f103c6/SrcWrapper/src/stm32/interrupt.cpp.o
 .text.pin_SetF1AFPin
                0x08002124      0x190 .pio/build/bluepill_f103c6/SrcWrapper/src/stm32/pinmap.c.o
 .text.LL_GPIO_SetPinMode
                0x080022b4       0x2c .pio/build/bluepill_f103c6/SrcWrapper/src/stm32/pinmap.c.o
 .text.LL_GPIO_SetPinOutputType
                0x080022e0       0x2c .pio/build/bluepill_f103c6/SrcWrapper/src/stm32/pinmap.c.o
 .text.pin_in_pinmap
                0x0800230c       0x1e .pio/build/bluepill_f103c6/SrcWrapper/src/stm32/pinmap.c.o
                0x0800230c                pin_in_pinmap
 *fill*         0x0800232a        0x2 
 .text.pin_function
                0x0800232c      0x18c .pio/build/bluepill_f103c6/SrcWrapper/src/stm32/pinmap.c.o
                0x0800232c                pin_function
 .text.pinmap_pinout
                0x080024b8       0x1a .pio/build/bluepill_f103c6/SrcWrapper/src/stm32/pinmap.c.o
                0x080024b8                pinmap_pinout
 .text.pinmap_find_peripheral
                0x080024d2       0x16 .pio/build/bluepill_f103c6/SrcWrapper/src/stm32/pinmap.c.o
                0x080024d2                pinmap_find_peripheral
 .text.pinmap_peripheral
                0x080024e8        0xc .pio/build/bluepill_f103c6/SrcWrapper/src/stm32/pinmap.c.o
                0x080024e8                pinmap_peripheral
 .text.pinmap_find_pin
                0x080024f4       0x16 .pio/build/bluepill_f103c6/SrcWrapper/src/stm32/pinmap.c.o
                0x080024f4                pinmap_find_pin
 .text.pinmap_pin
                0x0800250a        0xc .pio/build/bluepill_f103c6/SrcWrapper/src/stm32/pinmap.c.o
                0x0800250a                pinmap_pin
 .text.pinmap_find_function
                0x08002516       0x16 .pio/build/bluepill_f103c6/SrcWrapper/src/stm32/pinmap.c.o
                0x08002516                pinmap_find_function
 .text.pinmap_function
                0x0800252c        0xa .pio/build/bluepill_f103c6/SrcWrapper/src/stm32/pinmap.c.o
                0x0800252c                pinmap_function
 .text.pinmap_merge_peripheral
                0x08002536       0x14 .pio/build/bluepill_f103c6/SrcWrapper/src/stm32/pinmap.c.o
                0x08002536                pinmap_merge_peripheral
 *fill*         0x0800254a        0x2 
 .text.SystemInit
                0x0800254c       0x4c .pio/build/bluepill_f103c6/SrcWrapper/src/stm32/system_stm32yyxx.c.o
                0x0800254c                SystemInit
 .text.get_timer_obj
                0x08002598        0x4 .pio/build/bluepill_f103c6/SrcWrapper/src/stm32/timer.c.o
                0x08002598                get_timer_obj
 .text.enableTimerClock
                0x0800259c       0x68 .pio/build/bluepill_f103c6/SrcWrapper/src/stm32/timer.c.o
                0x0800259c                enableTimerClock
 .text.disableTimerClock
                0x08002604       0x48 .pio/build/bluepill_f103c6/SrcWrapper/src/stm32/timer.c.o
                0x08002604                disableTimerClock
 .text.getTimerUpIrq
                0x0800264c       0x30 .pio/build/bluepill_f103c6/SrcWrapper/src/stm32/timer.c.o
                0x0800264c                getTimerUpIrq
 .text.getTimerCCIrq
                0x0800267c       0x30 .pio/build/bluepill_f103c6/SrcWrapper/src/stm32/timer.c.o
                0x0800267c                getTimerCCIrq
 .text.HAL_TIM_Base_MspInit
                0x080026ac       0x4e .pio/build/bluepill_f103c6/SrcWrapper/src/stm32/timer.c.o
                0x080026ac                HAL_TIM_Base_MspInit
 *fill*         0x080026fa        0x2 
 .text.uart_init
                0x080026fc      0x190 .pio/build/bluepill_f103c6/SrcWrapper/src/stm32/uart.c.o
                0x080026fc                uart_init
 .text.serial_rx_active
                0x0800288c       0x24 .pio/build/bluepill_f103c6/SrcWrapper/src/stm32/uart.c.o
                0x0800288c                serial_rx_active
 .text.serial_tx_active
                0x080028b0       0x24 .pio/build/bluepill_f103c6/SrcWrapper/src/stm32/uart.c.o
                0x080028b0                serial_tx_active
 .text.uart_getc
                0x080028d4       0x38 .pio/build/bluepill_f103c6/SrcWrapper/src/stm32/uart.c.o
                0x080028d4                uart_getc
 .text.uart_attach_rx_callback
                0x0800290c       0x40 .pio/build/bluepill_f103c6/SrcWrapper/src/stm32/uart.c.o
                0x0800290c                uart_attach_rx_callback
 .text.uart_attach_tx_callback
                0x0800294c       0x40 .pio/build/bluepill_f103c6/SrcWrapper/src/stm32/uart.c.o
                0x0800294c                uart_attach_tx_callback
 .text.uart_enable_tx
                0x0800298c       0x1c .pio/build/bluepill_f103c6/SrcWrapper/src/stm32/uart.c.o
                0x0800298c                uart_enable_tx
 .text.uart_enable_rx
                0x080029a8       0x1c .pio/build/bluepill_f103c6/SrcWrapper/src/stm32/uart.c.o
                0x080029a8                uart_enable_rx
 .text.HAL_UART_RxCpltCallback
                0x080029c4        0x6 .pio/build/bluepill_f103c6/SrcWrapper/src/stm32/uart.c.o
                0x080029c4                HAL_UART_RxCpltCallback
 .text.HAL_UART_TxCpltCallback
                0x080029ca        0x6 .pio/build/bluepill_f103c6/SrcWrapper/src/stm32/uart.c.o
                0x080029ca                HAL_UART_TxCpltCallback
 .text.HAL_UART_ErrorCallback
                0x080029d0       0x7c .pio/build/bluepill_f103c6/SrcWrapper/src/stm32/uart.c.o
                0x080029d0                HAL_UART_ErrorCallback
 .text.USART1_IRQHandler
                0x08002a4c       0x18 .pio/build/bluepill_f103c6/SrcWrapper/src/stm32/uart.c.o
                0x08002a4c                USART1_IRQHandler
 .text.USART2_IRQHandler
                0x08002a64       0x1c .pio/build/bluepill_f103c6/SrcWrapper/src/stm32/uart.c.o
                0x08002a64                USART2_IRQHandler
 .text._sbrk    0x08002a80       0x3c .pio/build/bluepill_f103c6/SrcWrapper/src/syscalls.c.o
                0x08002a80                _sbrk
 .text._exit    0x08002abc        0x2 .pio/build/bluepill_f103c6/SrcWrapper/src/syscalls.c.o
                0x08002abc                _exit
 *fill*         0x08002abe        0x2 
 .text._kill    0x08002ac0       0x10 .pio/build/bluepill_f103c6/SrcWrapper/src/syscalls.c.o
                0x08002ac0                _kill
 .text._getpid  0x08002ad0        0x4 .pio/build/bluepill_f103c6/SrcWrapper/src/syscalls.c.o
                0x08002ad0                _getpid
 .text._ZL9stopMotorh
                0x08002ad4       0x2c .pio/build/bluepill_f103c6/src/main.cpp.o
 .text._ZL13stopAllMotorsv
                0x08002b00       0x12 .pio/build/bluepill_f103c6/src/main.cpp.o
 *fill*         0x08002b12        0x2 
 .text._ZL15markHostContactv
                0x08002b14       0x24 .pio/build/bluepill_f103c6/src/main.cpp.o
 .text._ZL9sendErrorPKc
                0x08002b38       0x24 .pio/build/bluepill_f103c6/src/main.cpp.o
 .text._ZL9uppercasePc
                0x08002b5c       0x14 .pio/build/bluepill_f103c6/src/main.cpp.o
 .text._ZL15readAveragedAdcm
                0x08002b70       0x28 .pio/build/bluepill_f103c6/src/main.cpp.o
 .text._ZL18printEncoderReportv
                0x08002b98       0x8c .pio/build/bluepill_f103c6/src/main.cpp.o
 .text.setup    0x08002c24      0x1b8 .pio/build/bluepill_f103c6/src/main.cpp.o
                0x08002c24                setup
 .text.startup._GLOBAL__sub_I_setup
                0x08002ddc       0x1c .pio/build/bluepill_f103c6/src/main.cpp.o
 .text.loop     0x08002df8      0x5a4 .pio/build/bluepill_f103c6/src/main.cpp.o
                0x08002df8                loop
 .text._ZN14HardwareSerial9availableEv
                0x0800339c       0x10 .pio/build/bluepill_f103c6/libFrameworkArduino.a(HardwareSerial.cpp.o)
                0x0800339c                HardwareSerial::available()
 .text._ZN14HardwareSerial4peekEv
                0x080033ac       0x1a .pio/build/bluepill_f103c6/libFrameworkArduino.a(HardwareSerial.cpp.o)
                0x080033ac                HardwareSerial::peek()
 .text._ZN14HardwareSerial17availableForWriteEv
                0x080033c6       0x1c .pio/build/bluepill_f103c6/libFrameworkArduino.a(HardwareSerial.cpp.o)
                0x080033c6                HardwareSerial::availableForWrite()
 .text._ZN14HardwareSerial5writeEh
                0x080033e2       0x18 .pio/build/bluepill_f103c6/libFrameworkArduino.a(HardwareSerial.cpp.o)
                0x080033e2                HardwareSerial::write(unsigned char)
 .text._ZN14HardwareSerial16_rx_complete_irqEP8serial_s
                0x080033fa       0x36 .pio/build/bluepill_f103c6/libFrameworkArduino.a(HardwareSerial.cpp.o)
                0x080033fa                HardwareSerial::_rx_complete_irq(serial_s*)
 .text._ZN14HardwareSerial16_tx_complete_irqEP8serial_s
                0x08003430       0x60 .pio/build/bluepill_f103c6/libFrameworkArduino.a(HardwareSerial.cpp.o)
                0x08003430                HardwareSerial::_tx_complete_irq(serial_s*)
 .text._ZN14HardwareSerial5writeEPKhj
                0x08003490       0xe4 .pio/build/bluepill_f103c6/libFrameworkArduino.a(HardwareSerial.cpp.o)
                0x08003490                HardwareSerial::write(unsigned char const*, unsigned int)
 .text._ZN14HardwareSerial4initE7PinNameS0_S0_S0_
                0x08003574       0x32 .pio/build/bluepill_f103c6/libFrameworkArduino.a(HardwareSerial.cpp.o)
                0x08003574                HardwareSerial::init(PinName, PinName, PinName, PinName)
 *fill*         0x080035a6        0x2 
 .text._ZN14HardwareSerialC2E7PinNameS0_S0_S0_
                0x080035a8       0x24 .pio/build/bluepill_f103c6/libFrameworkArduino.a(HardwareSerial.cpp.o)
                0x080035a8                HardwareSerial::HardwareSerial(PinName, PinName, PinName, PinName)
                0x080035a8                HardwareSerial::HardwareSerial(PinName, PinName, PinName, PinName)
 .text._ZN14HardwareSerialC2EPv16HalfDuplexMode_t
                0x080035cc       0x94 .pio/build/bluepill_f103c6/libFrameworkArduino.a(HardwareSerial.cpp.o)
                0x080035cc                HardwareSerial::HardwareSerial(void*, HalfDuplexMode_t)
                0x080035cc                HardwareSerial::HardwareSerial(void*, HalfDuplexMode_t)
 .text._ZN14HardwareSerial5flushEm
                0x08003660       0x36 .pio/build/bluepill_f103c6/libFrameworkArduino.a(HardwareSerial.cpp.o)
                0x08003660                HardwareSerial::flush(unsigned long)
 .text._ZN14HardwareSerial5flushEv
                0x08003696        0x6 .pio/build/bluepill_f103c6/libFrameworkArduino.a(HardwareSerial.cpp.o)
                0x08003696                HardwareSerial::flush()
 .text._ZN14HardwareSerial18enableHalfDuplexRxEv
                0x0800369c       0x2c .pio/build/bluepill_f103c6/libFrameworkArduino.a(HardwareSerial.cpp.o)
                0x0800369c                HardwareSerial::enableHalfDuplexRx()
 .text._ZN14HardwareSerial5beginEmh
                0x080036c8       0x9c .pio/build/bluepill_f103c6/libFrameworkArduino.a(HardwareSerial.cpp.o)
                0x080036c8                HardwareSerial::begin(unsigned long, unsigned char)
 .text._ZN14HardwareSerial4readEv
                0x08003764       0x2e .pio/build/bluepill_f103c6/libFrameworkArduino.a(HardwareSerial.cpp.o)
                0x08003764                HardwareSerial::read()
 *fill*         0x08003792        0x2 
 .text.startup._GLOBAL__sub_I_Serial1
                0x08003794       0x14 .pio/build/bluepill_f103c6/libFrameworkArduino.a(HardwareSerial.cpp.o)
 .text._ZN5Print5writeEPKc
                0x080037a8       0x20 .pio/build/bluepill_f103c6/libFrameworkArduino.a(Print.cpp.o)
                0x080037a8                Print::write(char const*)
 .text._ZN5Print5printEPKc
                0x080037c8        0x8 .pio/build/bluepill_f103c6/libFrameworkArduino.a(Print.cpp.o)
                0x080037c8                Print::print(char const*)
 .text._ZN5Print5printEc
                0x080037d0        0x6 .pio/build/bluepill_f103c6/libFrameworkArduino.a(Print.cpp.o)
                0x080037d0                Print::print(char)
 *fill*         0x080037d6        0x2 
 .text._ZN5Print7printlnEv
                0x080037d8       0x10 .pio/build/bluepill_f103c6/libFrameworkArduino.a(Print.cpp.o)
                0x080037d8                Print::println()
 .text._ZN5Print7printlnEPK19__FlashStringHelper
                0x080037e8       0x14 .pio/build/bluepill_f103c6/libFrameworkArduino.a(Print.cpp.o)
                0x080037e8                Print::println(__FlashStringHelper const*)
 .text._ZN5Print7printlnEPKc
                0x080037fc        0x4 .pio/build/bluepill_f103c6/libFrameworkArduino.a(Print.cpp.o)
                0x080037fc                Print::println(char const*)
 .text._ZN5Print11printNumberEmh
                0x08003800       0x3a .pio/build/bluepill_f103c6/libFrameworkArduino.a(Print.cpp.o)
                0x08003800                Print::printNumber(unsigned long, unsigned char)
 .text._ZN5Print5printEli
                0x0800383a       0x44 .pio/build/bluepill_f103c6/libFrameworkArduino.a(Print.cpp.o)
                0x0800383a                Print::print(long, int)
 .text._ZN5Print5printEii
                0x0800387e        0x4 .pio/build/bluepill_f103c6/libFrameworkArduino.a(Print.cpp.o)
                0x0800387e                Print::print(int, int)
 .text._ZN5Print7printlnEii
                0x08003882       0x14 .pio/build/bluepill_f103c6/libFrameworkArduino.a(Print.cpp.o)
                0x08003882                Print::println(int, int)
 .text._ZN5Print5printEmi
                0x08003896       0x16 .pio/build/bluepill_f103c6/libFrameworkArduino.a(Print.cpp.o)
                0x08003896                Print::print(unsigned long, int)
 .text._ZN5Print7printlnEmi
                0x080038ac       0x14 .pio/build/bluepill_f103c6/libFrameworkArduino.a(Print.cpp.o)
                0x080038ac                Print::println(unsigned long, int)
 .text._ZN6Stream9timedReadEv
                0x080038c0       0x2a .pio/build/bluepill_f103c6/libFrameworkArduino.a(Stream.cpp.o)
                0x080038c0                Stream::timedRead()
 .text._ZN6Stream9readBytesEPcj
                0x080038ea       0x22 .pio/build/bluepill_f103c6/libFrameworkArduino.a(Stream.cpp.o)
                0x080038ea                Stream::readBytes(char*, unsigned int)
 .text._ZN6Stream14readBytesUntilEcPcj
                0x0800390c       0x30 .pio/build/bluepill_f103c6/libFrameworkArduino.a(Stream.cpp.o)
                0x0800390c                Stream::readBytesUntil(char, char*, unsigned int)
 .text.startup._Z7premainv
                0x0800393c       0x10 .pio/build/bluepill_f103c6/libFrameworkArduino.a(main.cpp.o)
                0x0800393c                premain()
 .text.startup.main
                0x0800394c       0x14 .pio/build/bluepill_f103c6/libFrameworkArduino.a(main.cpp.o)
                0x0800394c                main
 .text.analogInputToPinName
                0x08003960       0x80 .pio/build/bluepill_f103c6/libFrameworkArduino.a(pins_arduino.c.o)
                0x08003960                analogInputToPinName
 .text.Reset_Handler
                0x080039e0       0x48 .pio/build/bluepill_f103c6/libFrameworkArduino.a(startup_stm32yyxx.S.o)
                0x080039e0                Reset_Handler
 .text.Default_Handler
                0x08003a28        0x2 .pio/build/bluepill_f103c6/libFrameworkArduino.a(startup_stm32yyxx.S.o)
                0x08003a28                RTC_Alarm_IRQHandler
                0x08003a28                DebugMon_Handler
                0x08003a28                HardFault_Handler
                0x08003a28                PVD_IRQHandler
                0x08003a28                PendSV_Handler
                0x08003a28                NMI_Handler
                0x08003a28                UsageFault_Handler
                0x08003a28                ADC1_2_IRQHandler
                0x08003a28                SPI1_IRQHandler
                0x08003a28                TAMPER_IRQHandler
                0x08003a28                DMA1_Channel4_IRQHandler
                0x08003a28                RTC_IRQHandler
                0x08003a28                DMA1_Channel7_IRQHandler
                0x08003a28                CAN1_RX1_IRQHandler
                0x08003a28                I2C1_EV_IRQHandler
                0x08003a28                DMA1_Channel6_IRQHandler
                0x08003a28                RCC_IRQHandler
                0x08003a28                TIM1_TRG_COM_IRQHandler
                0x08003a28                DMA1_Channel1_IRQHandler
                0x08003a28                Default_Handler
                0x08003a28                MemManage_Handler
                0x08003a28                SVC_Handler
                0x08003a28                DMA1_Channel5_IRQHandler
                0x08003a28                USB_LP_CAN1_RX0_IRQHandler
                0x08003a28                USB_HP_CAN1_TX_IRQHandler
                0x08003a28                DMA1_Channel3_IRQHandler
                0x08003a28                WWDG_IRQHandler
                0x08003a28                TIM1_BRK_IRQHandler
                0x08003a28                DMA1_Channel2_IRQHandler
                0x08003a28                CAN1_SCE_IRQHandler
                0x08003a28                FLASH_IRQHandler
                0x08003a28                BusFault_Handler
                0x08003a28                I2C1_ER_IRQHandler
                0x08003a28                USBWakeUp_IRQHandler
 .text.mapResolution
                0x08003a2a       0x26 .pio/build/bluepill_f103c6/libFrameworkArduino.a(wiring_analog.c.o)
 .text.analogReadResolution
                0x08003a50       0x1c .pio/build/bluepill_f103c6/libFrameworkArduino.a(wiring_analog.c.o)
                0x08003a50                analogReadResolution
 .text.analogRead
                0x08003a6c       0x2c .pio/build/bluepill_f103c6/libFrameworkArduino.a(wiring_analog.c.o)
                0x08003a6c                analogRead
 .text.pinMode  0x08003a98       0xbc .pio/build/bluepill_f103c6/libFrameworkArduino.a(wiring_digital.c.o)
                0x08003a98                pinMode
 .text.digitalWrite
                0x08003b54       0x78 .pio/build/bluepill_f103c6/libFrameworkArduino.a(wiring_digital.c.o)
                0x08003b54                digitalWrite
 .text.millis   0x08003bcc        0x4 .pio/build/bluepill_f103c6/libFrameworkArduino.a(wiring_time.c.o)
                0x08003bcc                millis
 .text.delay    0x08003bd0       0x1c .pio/build/bluepill_f103c6/libFrameworkArduino.a(wiring_time.c.o)
                0x08003bd0                delay
 .text._Z14serialEventRunv
                0x08003bec       0x1c .pio/build/bluepill_f103c6/libFrameworkArduino.a(WSerial.cpp.o)
                0x08003bec                serialEventRun()
 .text.init     0x08003c08        0x4 .pio/build/bluepill_f103c6/libFrameworkArduino.a(board.c.o)
                0x08003c08                init
 .text.__empty  0x08003c0c        0x2 .pio/build/bluepill_f103c6/libFrameworkArduino.a(hooks.c.o)
                0x08003c0c                yield
 .text.unlikely._ZSt25__throw_bad_function_callv
                0x08003c0e        0x6 /home/aditya/.platformio/packages/toolchain-gccarmnoneeabi@1.120301.0/bin/../lib/gcc/arm-none-eabi/12.3.1/../../../../arm-none-eabi/lib/thumb/v7-m/nofp/libstdc++_nano.a(functional.o)
                0x08003c0e                std::__throw_bad_function_call()
 .text.abort    0x08003c14        0xe /home/aditya/.platformio/packages/toolchain-gccarmnoneeabi@1.120301.0/bin/../lib/gcc/arm-none-eabi/12.3.1/../../../../arm-none-eabi/lib/thumb/v7-m/nofp/libc_nano.a(libc_a-abort.o)
                0x08003c14                abort
 *fill*         0x08003c22        0x2 
 .text.malloc   0x08003c24       0x10 /home/aditya/.platformio/packages/toolchain-gccarmnoneeabi@1.120301.0/bin/../lib/gcc/arm-none-eabi/12.3.1/../../../../arm-none-eabi/lib/thumb/v7-m/nofp/libc_nano.a(libc_a-malloc.o)
                0x08003c24                malloc
 .text.free     0x08003c34       0x10 /home/aditya/.platformio/packages/toolchain-gccarmnoneeabi@1.120301.0/bin/../lib/gcc/arm-none-eabi/12.3.1/../../../../arm-none-eabi/lib/thumb/v7-m/nofp/libc_nano.a(libc_a-malloc.o)
                0x08003c34                free
 .text.sbrk_aligned
                0x08003c44       0x44 /home/aditya/.platformio/packages/toolchain-gccarmnoneeabi@1.120301.0/bin/../lib/gcc/arm-none-eabi/12.3.1/../../../../arm-none-eabi/lib/thumb/v7-m/nofp/libc_nano.a(libc_a-mallocr.o)
 .text._malloc_r
                0x08003c88      0x100 /home/aditya/.platformio/packages/toolchain-gccarmnoneeabi@1.120301.0/bin/../lib/gcc/arm-none-eabi/12.3.1/../../../../arm-none-eabi/lib/thumb/v7-m/nofp/libc_nano.a(libc_a-mallocr.o)
                0x08003c88                _malloc_r
 .text.__malloc_lock
                0x08003d88        0xc /home/aditya/.platformio/packages/toolchain-gccarmnoneeabi@1.120301.0/bin/../lib/gcc/arm-none-eabi/12.3.1/../../../../arm-none-eabi/lib/thumb/v7-m/nofp/libc_nano.a(libc_a-mlock.o)
                0x08003d88                __malloc_lock
 .text.__malloc_unlock
                0x08003d94        0xc /home/aditya/.platformio/packages/toolchain-gccarmnoneeabi@1.120301.0/bin/../lib/gcc/arm-none-eabi/12.3.1/../../../../arm-none-eabi/lib/thumb/v7-m/nofp/libc_nano.a(libc_a-mlock.o)
                0x08003d94                __malloc_unlock
 .text._realloc_r
                0x08003da0       0x5c /home/aditya/.platformio/packages/toolchain-gccarmnoneeabi@1.120301.0/bin/../lib/gcc/arm-none-eabi/12.3.1/../../../../arm-none-eabi/lib/thumb/v7-m/nofp/libc_nano.a(libc_a-reallocr.o)
                0x08003da0                _realloc_r
 .text._strtoul_l.constprop.0
                0x08003dfc       0xe4 /home/aditya/.platformio/packages/toolchain-gccarmnoneeabi@1.120301.0/bin/../lib/gcc/arm-none-eabi/12.3.1/../../../../arm-none-eabi/lib/thumb/v7-m/nofp/libc_nano.a(libc_a-strtoul.o)
 .text.strtoul  0x08003ee0       0x14 /home/aditya/.platformio/packages/toolchain-gccarmnoneeabi@1.120301.0/bin/../lib/gcc/arm-none-eabi/12.3.1/../../../../arm-none-eabi/lib/thumb/v7-m/nofp/libc_nano.a(libc_a-strtoul.o)
                0x08003ee0                strtoul
 .text.toupper  0x08003ef4       0x14 /home/aditya/.platformio/packages/toolchain-gccarmnoneeabi@1.120301.0/bin/../lib/gcc/arm-none-eabi/12.3.1/../../../../arm-none-eabi/lib/thumb/v7-m/nofp/libc_nano.a(libc_a-toupper.o)
                0x08003ef4                toupper
 .text.snprintf
                0x08003f08       0x68 /home/aditya/.platformio/packages/toolchain-gccarmnoneeabi@1.120301.0/bin/../lib/gcc/arm-none-eabi/12.3.1/../../../../arm-none-eabi/lib/thumb/v7-m/nofp/libc_nano.a(libc_a-snprintf.o)
                0x08003f08                snprintf
                0x08003f08                sniprintf
 .text.memmove  0x08003f70       0x34 /home/aditya/.platformio/packages/toolchain-gccarmnoneeabi@1.120301.0/bin/../lib/gcc/arm-none-eabi/12.3.1/../../../../arm-none-eabi/lib/thumb/v7-m/nofp/libc_nano.a(libc_a-memmove.o)
                0x08003f70                memmove
 .text.memset   0x08003fa4       0x10 /home/aditya/.platformio/packages/toolchain-gccarmnoneeabi@1.120301.0/bin/../lib/gcc/arm-none-eabi/12.3.1/../../../../arm-none-eabi/lib/thumb/v7-m/nofp/libc_nano.a(libc_a-memset.o)
                0x08003fa4                memset
 .text.__strtok_r
                0x08003fb4       0x50 /home/aditya/.platformio/packages/toolchain-gccarmnoneeabi@1.120301.0/bin/../lib/gcc/arm-none-eabi/12.3.1/../../../../arm-none-eabi/lib/thumb/v7-m/nofp/libc_nano.a(libc_a-strtok_r.o)
                0x08003fb4                __strtok_r
 .text.strtok_r
                0x08004004        0x6 /home/aditya/.platformio/packages/toolchain-gccarmnoneeabi@1.120301.0/bin/../lib/gcc/arm-none-eabi/12.3.1/../../../../arm-none-eabi/lib/thumb/v7-m/nofp/libc_nano.a(libc_a-strtok_r.o)
                0x08004004                strtok_r
 .text._raise_r
                0x0800400a       0x50 /home/aditya/.platformio/packages/toolchain-gccarmnoneeabi@1.120301.0/bin/../lib/gcc/arm-none-eabi/12.3.1/../../../../arm-none-eabi/lib/thumb/v7-m/nofp/libc_nano.a(libc_a-signal.o)
                0x0800400a                _raise_r
 *fill*         0x0800405a        0x2 
 .text.raise    0x0800405c       0x10 /home/aditya/.platformio/packages/toolchain-gccarmnoneeabi@1.120301.0/bin/../lib/gcc/arm-none-eabi/12.3.1/../../../../arm-none-eabi/lib/thumb/v7-m/nofp/libc_nano.a(libc_a-signal.o)
                0x0800405c                raise
 .text._kill_r  0x0800406c       0x24 /home/aditya/.platformio/packages/toolchain-gccarmnoneeabi@1.120301.0/bin/../lib/gcc/arm-none-eabi/12.3.1/../../../../arm-none-eabi/lib/thumb/v7-m/nofp/libc_nano.a(libc_a-signalr.o)
                0x0800406c                _kill_r
 .text._getpid_r
                0x08004090        0x4 /home/aditya/.platformio/packages/toolchain-gccarmnoneeabi@1.120301.0/bin/../lib/gcc/arm-none-eabi/12.3.1/../../../../arm-none-eabi/lib/thumb/v7-m/nofp/libc_nano.a(libc_a-signalr.o)
                0x08004090                _getpid_r
 .text._sbrk_r  0x08004094       0x20 /home/aditya/.platformio/packages/toolchain-gccarmnoneeabi@1.120301.0/bin/../lib/gcc/arm-none-eabi/12.3.1/../../../../arm-none-eabi/lib/thumb/v7-m/nofp/libc_nano.a(libc_a-sbrkr.o)
                0x08004094                _sbrk_r
 .text.__libc_init_array
                0x080040b4       0x48 /home/aditya/.platformio/packages/toolchain-gccarmnoneeabi@1.120301.0/bin/../lib/gcc/arm-none-eabi/12.3.1/../../../../arm-none-eabi/lib/thumb/v7-m/nofp/libc_nano.a(libc_a-init.o)
                0x080040b4                __libc_init_array
 .text.__retarget_lock_acquire_recursive
                0x080040fc        0x2 /home/aditya/.platformio/packages/toolchain-gccarmnoneeabi@1.120301.0/bin/../lib/gcc/arm-none-eabi/12.3.1/../../../../arm-none-eabi/lib/thumb/v7-m/nofp/libc_nano.a(libc_a-lock.o)
                0x080040fc                __retarget_lock_acquire_recursive
 .text.__retarget_lock_release_recursive
                0x080040fe        0x2 /home/aditya/.platformio/packages/toolchain-gccarmnoneeabi@1.120301.0/bin/../lib/gcc/arm-none-eabi/12.3.1/../../../../arm-none-eabi/lib/thumb/v7-m/nofp/libc_nano.a(libc_a-lock.o)
                0x080040fe                __retarget_lock_release_recursive
 .text.memcpy   0x08004100       0x1c /home/aditya/.platformio/packages/toolchain-gccarmnoneeabi@1.120301.0/bin/../lib/gcc/arm-none-eabi/12.3.1/../../../../arm-none-eabi/lib/thumb/v7-m/nofp/libc_nano.a(libc_a-memcpy-stub.o)
                0x08004100                memcpy
 .text._free_r  0x0800411c       0x90 /home/aditya/.platformio/packages/toolchain-gccarmnoneeabi@1.120301.0/bin/../lib/gcc/arm-none-eabi/12.3.1/../../../../arm-none-eabi/lib/thumb/v7-m/nofp/libc_nano.a(libc_a-freer.o)
                0x0800411c                _free_r
 .text._malloc_usable_size_r
                0x080041ac       0x10 /home/aditya/.platformio/packages/toolchain-gccarmnoneeabi@1.120301.0/bin/../lib/gcc/arm-none-eabi/12.3.1/../../../../arm-none-eabi/lib/thumb/v7-m/nofp/libc_nano.a(libc_a-msizer.o)
                0x080041ac                _malloc_usable_size_r
 .text.__ssputs_r
                0x080041bc       0xb6 /home/aditya/.platformio/packages/toolchain-gccarmnoneeabi@1.120301.0/bin/../lib/gcc/arm-none-eabi/12.3.1/../../../../arm-none-eabi/lib/thumb/v7-m/nofp/libc_nano.a(libc_a-nano-svfprintf.o)
                0x080041bc                __ssputs_r
 *fill*         0x08004272        0x2 
 .text._svfprintf_r
                0x08004274      0x1f8 /home/aditya/.platformio/packages/toolchain-gccarmnoneeabi@1.120301.0/bin/../lib/gcc/arm-none-eabi/12.3.1/../../../../arm-none-eabi/lib/thumb/v7-m/nofp/libc_nano.a(libc_a-nano-svfprintf.o)
                0x08004274                _svfprintf_r
                0x08004274                _svfiprintf_r
 .text._printf_common
                0x0800446c       0xe4 /home/aditya/.platformio/packages/toolchain-gccarmnoneeabi@1.120301.0/bin/../lib/gcc/arm-none-eabi/12.3.1/../../../../arm-none-eabi/lib/thumb/v7-m/nofp/libc_nano.a(libc_a-nano-vfprintf_i.o)
                0x0800446c                _printf_common
 .text._printf_i
                0x08004550      0x258 /home/aditya/.platformio/packages/toolchain-gccarmnoneeabi@1.120301.0/bin/../lib/gcc/arm-none-eabi/12.3.1/../../../../arm-none-eabi/lib/thumb/v7-m/nofp/libc_nano.a(libc_a-nano-vfprintf_i.o)
                0x08004550                _printf_i
 .text.memchr   0x080047a8       0x1c /home/aditya/.platformio/packages/toolchain-gccarmnoneeabi@1.120301.0/bin/../lib/gcc/arm-none-eabi/12.3.1/../../../../arm-none-eabi/lib/thumb/v7-m/nofp/libc_nano.a(libc_a-memchr-stub.o)
                0x080047a8                memchr
 *(.glue_7)
 .glue_7        0x080047c4        0x0 linker stubs
 *(.glue_7t)
 .glue_7t       0x080047c4        0x0 linker stubs
 *(.eh_frame)
 .eh_frame      0x080047c4        0x0 /home/aditya/.platformio/packages/toolchain-gccarmnoneeabi@1.120301.0/bin/../lib/gcc/arm-none-eabi/12.3.1/thumb/v7-m/nofp/crtbegin.o
 *(.init)
 .init          0x080047c4        0x4 /home/aditya/.platformio/packages/toolchain-gccarmnoneeabi@1.120301.0/bin/../lib/gcc/arm-none-eabi/12.3.1/thumb/v7-m/nofp/crti.o
                0x080047c4                _init
 .init          0x080047c8        0x8 /home/aditya/.platformio/packages/toolchain-gccarmnoneeabi@1.120301.0/bin/../lib/gcc/arm-none-eabi/12.3.1/thumb/v7-m/nofp/crtn.o
 *(.fini)
 .fini          0x080047d0        0x4 /home/aditya/.platformio/packages/toolchain-gccarmnoneeabi@1.120301.0/bin/../lib/gcc/arm-none-eabi/12.3.1/thumb/v7-m/nofp/crti.o
                0x080047d0                _fini
 .fini          0x080047d4        0x8 /home/aditya/.platformio/packages/toolchain-gccarmnoneeabi@1.120301.0/bin/../lib/gcc/arm-none-eabi/12.3.1/thumb/v7-m/nofp/crtn.o
                0x080047dc                        . = ALIGN (0x4)
                0x080047dc                        _etext = .

.vfp11_veneer   0x080047dc        0x0
 .vfp11_veneer  0x080047dc        0x0 linker stubs

.v4_bx          0x080047dc        0x0
 .v4_bx         0x080047dc        0x0 linker stubs

.iplt           0x080047dc        0x0
 .iplt          0x080047dc        0x0 /home/aditya/.platformio/packages/toolchain-gccarmnoneeabi@1.120301.0/bin/../lib/gcc/arm-none-eabi/12.3.1/thumb/v7-m/nofp/crtbegin.o

.rodata         0x080047dc      0x824
                0x080047dc                        . = ALIGN (0x4)
 *(.rodata)
 *(.rodata*)
 .rodata.PinMap_UART_CTS
                0x080047dc       0x24 .pio/build/bluepill_f103c6/FrameworkArduinoVariant/PeripheralPins.c.o
                0x080047dc                PinMap_UART_CTS
 .rodata.PinMap_UART_RTS
                0x08004800       0x24 .pio/build/bluepill_f103c6/FrameworkArduinoVariant/PeripheralPins.c.o
                0x08004800                PinMap_UART_RTS
 .rodata.PinMap_UART_RX
                0x08004824       0x30 .pio/build/bluepill_f103c6/FrameworkArduinoVariant/PeripheralPins.c.o
                0x08004824                PinMap_UART_RX
 .rodata.PinMap_UART_TX
                0x08004854       0x30 .pio/build/bluepill_f103c6/FrameworkArduinoVariant/PeripheralPins.c.o
                0x08004854                PinMap_UART_TX
 .rodata.PinMap_TIM
                0x08004884      0x1d4 .pio/build/bluepill_f103c6/FrameworkArduinoVariant/PeripheralPins.c.o
                0x08004884                PinMap_TIM
 .rodata.PinMap_ADC
                0x08004a58       0xfc .pio/build/bluepill_f103c6/FrameworkArduinoVariant/PeripheralPins.c.o
                0x08004a58                PinMap_ADC
 .rodata.analogInputPin
                0x08004b54       0x28 .pio/build/bluepill_f103c6/FrameworkArduinoVariant/variant_BLUEPILL_F103C6.cpp.o
                0x08004b54                analogInputPin
 .rodata.digitalPin
                0x08004b7c       0x8c .pio/build/bluepill_f103c6/FrameworkArduinoVariant/variant_BLUEPILL_F103C6.cpp.o
                0x08004b7c                digitalPin
 .rodata.aPredivFactorTable.0
                0x08004c08        0x2 .pio/build/bluepill_f103c6/SrcWrapper/src/HAL/stm32yyxx_hal_rcc.c.o
 .rodata.aPLLMULFactorTable.1
                0x08004c0a       0x10 .pio/build/bluepill_f103c6/SrcWrapper/src/HAL/stm32yyxx_hal_rcc.c.o
 .rodata.aPredivFactorTable.0
                0x08004c1a        0x2 .pio/build/bluepill_f103c6/SrcWrapper/src/HAL/stm32yyxx_hal_rcc_ex.c.o
 .rodata.aPLLMULFactorTable.1
                0x08004c1c       0x10 .pio/build/bluepill_f103c6/SrcWrapper/src/HAL/stm32yyxx_hal_rcc_ex.c.o
 .rodata.pin_map_ll
                0x08004c2c       0x40 .pio/build/bluepill_f103c6/SrcWrapper/src/stm32/pinmap.c.o
                0x08004c2c                pin_map_ll
 .rodata.APBPrescTable
                0x08004c6c        0x8 .pio/build/bluepill_f103c6/SrcWrapper/src/stm32/system_stm32yyxx.c.o
                0x08004c6c                APBPrescTable
 .rodata.AHBPrescTable
                0x08004c74       0x10 .pio/build/bluepill_f103c6/SrcWrapper/src/stm32/system_stm32yyxx.c.o
                0x08004c74                AHBPrescTable
 .rodata._ZL9sendErrorPKc.str1.1
                0x08004c84        0x5 .pio/build/bluepill_f103c6/src/main.cpp.o
 .rodata._ZL18printEncoderReportv.str1.1
                0x08004c89       0x18 .pio/build/bluepill_f103c6/src/main.cpp.o
 .rodata.setup.str1.1
                0x08004ca1       0x1d .pio/build/bluepill_f103c6/src/main.cpp.o
 .rodata.loop.str1.1
                0x08004cbe      0x187 .pio/build/bluepill_f103c6/src/main.cpp.o
                                0x1aa (size before relaxing)
 .rodata.str1.1
                0x08004e45        0x6 .pio/build/bluepill_f103c6/src/main.cpp.o
 *fill*         0x08004e4b        0x1 
 .rodata._ZL6motors
                0x08004e4c       0x38 .pio/build/bluepill_f103c6/src/main.cpp.o
 .rodata._ZL11encoderPins
                0x08004e84       0x10 .pio/build/bluepill_f103c6/src/main.cpp.o
 .rodata.CSWTCH.73
                0x08004e94        0x5 .pio/build/bluepill_f103c6/libFrameworkArduino.a(HardwareSerial.cpp.o)
 *fill*         0x08004e99        0x3 
 .rodata._ZTV14HardwareSerial
                0x08004e9c       0x2c .pio/build/bluepill_f103c6/libFrameworkArduino.a(HardwareSerial.cpp.o)
                0x08004e9c                vtable for HardwareSerial
 .rodata._ZN5Print7printlnEv.str1.1
                0x08004ec8        0x3 .pio/build/bluepill_f103c6/libFrameworkArduino.a(Print.cpp.o)
 .rodata._ctype_
                0x08004ecb      0x101 /home/aditya/.platformio/packages/toolchain-gccarmnoneeabi@1.120301.0/bin/../lib/gcc/arm-none-eabi/12.3.1/../../../../arm-none-eabi/lib/thumb/v7-m/nofp/libc_nano.a(libc_a-ctype_.o)
                0x08004ecb                _ctype_
 .rodata._svfprintf_r.str1.1
                0x08004fcc       0x11 /home/aditya/.platformio/packages/toolchain-gccarmnoneeabi@1.120301.0/bin/../lib/gcc/arm-none-eabi/12.3.1/../../../../arm-none-eabi/lib/thumb/v7-m/nofp/libc_nano.a(libc_a-nano-svfprintf.o)
 .rodata._printf_i.str1.1
                0x08004fdd       0x22 /home/aditya/.platformio/packages/toolchain-gccarmnoneeabi@1.120301.0/bin/../lib/gcc/arm-none-eabi/12.3.1/../../../../arm-none-eabi/lib/thumb/v7-m/nofp/libc_nano.a(libc_a-nano-vfprintf_i.o)
                0x08005000                        . = ALIGN (0x4)
 *fill*         0x08004fff        0x1 

.ARM.extab      0x08005000        0x0
                0x08005000                        . = ALIGN (0x4)
 *(.ARM.extab* .gnu.linkonce.armextab.*)
                0x08005000                        . = ALIGN (0x4)

.ARM            0x08005000        0x8
                0x08005000                        . = ALIGN (0x4)
                0x08005000                        __exidx_start = .
 *(.ARM.exidx*)
 .ARM.exidx     0x08005000        0x8 /home/aditya/.platformio/packages/toolchain-gccarmnoneeabi@1.120301.0/bin/../lib/gcc/arm-none-eabi/12.3.1/../../../../arm-none-eabi/lib/thumb/v7-m/nofp/libc_nano.a(libc_a-strcmp.o)
 .ARM.exidx     0x08005008        0x0 /home/aditya/.platformio/packages/toolchain-gccarmnoneeabi@1.120301.0/bin/../lib/gcc/arm-none-eabi/12.3.1/../../../../arm-none-eabi/lib/thumb/v7-m/nofp/libc_nano.a(libc_a-strlen.o)
                                  0x8 (size before relaxing)
                0x08005008                        __exidx_end = .
                0x08005008                        . = ALIGN (0x4)

.preinit_array  0x08005008        0x0
                0x08005008                        . = ALIGN (0x4)
                0x08005008                        PROVIDE (__preinit_array_start = .)
 *(.preinit_array*)
                0x08005008                        PROVIDE (__preinit_array_end = .)
                0x08005008                        . = ALIGN (0x4)

.init_array     0x08005008       0x14
                0x08005008                        . = ALIGN (0x4)
                0x08005008                        PROVIDE (__init_array_start = .)
 *(SORT_BY_NAME(.init_array.*))
 .init_array.00101
                0x08005008        0x4 .pio/build/bluepill_f103c6/libFrameworkArduino.a(main.cpp.o)
 *(.init_array*)
 .init_array    0x0800500c        0x4 /home/aditya/.platformio/packages/toolchain-gccarmnoneeabi@1.120301.0/bin/../lib/gcc/arm-none-eabi/12.3.1/thumb/v7-m/nofp/crtbegin.o
 .init_array    0x08005010        0x4 .pio/build/bluepill_f103c6/SrcWrapper/src/stm32/interrupt.cpp.o
 .init_array    0x08005014        0x4 .pio/build/bluepill_f103c6/src/main.cpp.o
 .init_array    0x08005018        0x4 .pio/build/bluepill_f103c6/libFrameworkArduino.a(HardwareSerial.cpp.o)
                0x0800501c                        PROVIDE (__init_array_end = .)
                0x0800501c                        . = ALIGN (0x4)

.fini_array     0x0800501c        0x8
                0x0800501c                        . = ALIGN (0x4)
                0x0800501c                        PROVIDE (__fini_array_start = .)
 *(SORT_BY_NAME(.fini_array.*))
 *(.fini_array*)
 .fini_array    0x0800501c        0x4 /home/aditya/.platformio/packages/toolchain-gccarmnoneeabi@1.120301.0/bin/../lib/gcc/arm-none-eabi/12.3.1/thumb/v7-m/nofp/crtbegin.o
 .fini_array    0x08005020        0x4 .pio/build/bluepill_f103c6/SrcWrapper/src/stm32/interrupt.cpp.o
                0x08005024                        PROVIDE (__fini_array_end = .)
                0x08005024                        . = ALIGN (0x4)
                0x08005024                        _sidata = LOADADDR (.data)

.rel.dyn        0x08005024        0x0
 .rel.iplt      0x08005024        0x0 /home/aditya/.platformio/packages/toolchain-gccarmnoneeabi@1.120301.0/bin/../lib/gcc/arm-none-eabi/12.3.1/thumb/v7-m/nofp/crtbegin.o

.data           0x20000000       0x90 load address 0x08005024
                0x20000000                        . = ALIGN (0x4)
                0x20000000                        _sdata = .
 *(.data)
 *(.data*)
 .data.uwTickFreq
                0x20000000        0x1 .pio/build/bluepill_f103c6/SrcWrapper/src/HAL/stm32yyxx_hal.c.o
                0x20000000                uwTickFreq
 *fill*         0x20000001        0x3 
 .data.uwTickPrio
                0x20000004        0x4 .pio/build/bluepill_f103c6/SrcWrapper/src/HAL/stm32yyxx_hal.c.o
                0x20000004                uwTickPrio
 .data.GPIOPort_list
                0x20000008       0x10 .pio/build/bluepill_f103c6/SrcWrapper/src/stm32/PortNames.c.o
                0x20000008                GPIOPort_list
 .data._ZL13g_current_pin
                0x20000018        0x4 .pio/build/bluepill_f103c6/SrcWrapper/src/stm32/analog.cpp.o
 .data.hcrc     0x2000001c        0x8 .pio/build/bluepill_f103c6/SrcWrapper/src/stm32/hw_config.c.o
                0x2000001c                hcrc
 .data.SystemCoreClock
                0x20000024        0x4 .pio/build/bluepill_f103c6/SrcWrapper/src/stm32/system_stm32yyxx.c.o
                0x20000024                SystemCoreClock
 .data.heap_end.0
                0x20000028        0x4 .pio/build/bluepill_f103c6/SrcWrapper/src/syscalls.c.o
 .data._ZL13encoderRateHz
                0x2000002c        0x2 .pio/build/bluepill_f103c6/src/main.cpp.o
 .data._ZL11motorStates
                0x2000002e        0x8 .pio/build/bluepill_f103c6/src/main.cpp.o
 *fill*         0x20000036        0x2 
 .data._internalReadResolution
                0x20000038        0x4 .pio/build/bluepill_f103c6/libFrameworkArduino.a(wiring_analog.c.o)
 .data._readResolution
                0x2000003c        0x4 .pio/build/bluepill_f103c6/libFrameworkArduino.a(wiring_analog.c.o)
 .data._impure_ptr
                0x20000040        0x4 /home/aditya/.platformio/packages/toolchain-gccarmnoneeabi@1.120301.0/bin/../lib/gcc/arm-none-eabi/12.3.1/../../../../arm-none-eabi/lib/thumb/v7-m/nofp/libc_nano.a(libc_a-impure.o)
                0x20000040                _impure_ptr
 .data._impure_data
                0x20000044       0x4c /home/aditya/.platformio/packages/toolchain-gccarmnoneeabi@1.120301.0/bin/../lib/gcc/arm-none-eabi/12.3.1/../../../../arm-none-eabi/lib/thumb/v7-m/nofp/libc_nano.a(libc_a-impure.o)
                0x20000044                _impure_data
 *(.RamFunc)
 *(.RamFunc*)
                0x20000090                        . = ALIGN (0x4)
                0x20000090                        _edata = .

.igot.plt       0x20000090        0x0 load address 0x080050b4
 .igot.plt      0x20000090        0x0 /home/aditya/.platformio/packages/toolchain-gccarmnoneeabi@1.120301.0/bin/../lib/gcc/arm-none-eabi/12.3.1/thumb/v7-m/nofp/crtbegin.o
                0x20000090                        . = ALIGN (0x4)

.bss            0x20000090      0x580 load address 0x080050b4
                0x20000090                        _sbss = .
                0x20000090                        __bss_start__ = _sbss
 *(.bss)
 *(.bss*)
 .bss.completed.1
                0x20000090        0x1 /home/aditya/.platformio/packages/toolchain-gccarmnoneeabi@1.120301.0/bin/../lib/gcc/arm-none-eabi/12.3.1/thumb/v7-m/nofp/crtbegin.o
 *fill*         0x20000091        0x3 
 .bss.object.0  0x20000094       0x18 /home/aditya/.platformio/packages/toolchain-gccarmnoneeabi@1.120301.0/bin/../lib/gcc/arm-none-eabi/12.3.1/thumb/v7-m/nofp/crtbegin.o
 .bss.uwTick    0x200000ac        0x4 .pio/build/bluepill_f103c6/SrcWrapper/src/HAL/stm32yyxx_hal.c.o
                0x200000ac                uwTick
 .bss.HardwareTimer_Handle
                0x200000b0        0xc .pio/build/bluepill_f103c6/SrcWrapper/src/HardwareTimer.cpp.o
                0x200000b0                HardwareTimer_Handle
 .bss._ZL13gpio_irq_conf
                0x200000bc      0x140 .pio/build/bluepill_f103c6/SrcWrapper/src/stm32/interrupt.cpp.o
 .bss.uart_handlers
                0x200001fc        0x8 .pio/build/bluepill_f103c6/SrcWrapper/src/stm32/uart.c.o
 .bss._ZL16encoderStreaming
                0x20000204        0x1 .pio/build/bluepill_f103c6/src/main.cpp.o
 .bss._ZL15hostContactSeen
                0x20000205        0x1 .pio/build/bluepill_f103c6/src/main.cpp.o
 .bss._ZL9uartLedOn
                0x20000206        0x1 .pio/build/bluepill_f103c6/src/main.cpp.o
 .bss._ZL15diagnosticLevel
                0x20000207        0x1 .pio/build/bluepill_f103c6/src/main.cpp.o
 .bss._ZL15watchdogStopped
                0x20000208        0x1 .pio/build/bluepill_f103c6/src/main.cpp.o
 *fill*         0x20000209        0x3 
 .bss._ZL15encoderSequence
                0x2000020c        0x4 .pio/build/bluepill_f103c6/src/main.cpp.o
 .bss._ZL17nextEncoderReport
                0x20000210        0x4 .pio/build/bluepill_f103c6/src/main.cpp.o
 .bss._ZL15lastHostCommand
                0x20000214        0x4 .pio/build/bluepill_f103c6/src/main.cpp.o
 .bss._ZL17nextUartLedToggle
                0x20000218        0x4 .pio/build/bluepill_f103c6/src/main.cpp.o
 .bss._ZL20nextDiagnosticToggle
                0x2000021c        0x4 .pio/build/bluepill_f103c6/src/main.cpp.o
 .bss._ZL13nextHeartbeat
                0x20000220        0x4 .pio/build/bluepill_f103c6/src/main.cpp.o
 .bss._ZL11inputLength
                0x20000224        0x4 .pio/build/bluepill_f103c6/src/main.cpp.o
 .bss._ZL9inputLine
                0x20000228       0x60 .pio/build/bluepill_f103c6/src/main.cpp.o
 .bss._ZL8HostUart
                0x20000288      0x118 .pio/build/bluepill_f103c6/src/main.cpp.o
 .bss.Serial1   0x200003a0      0x118 .pio/build/bluepill_f103c6/libFrameworkArduino.a(HardwareSerial.cpp.o)
                0x200003a0                Serial1
 .bss.g_anOutputPinConfigured
                0x200004b8       0x10 .pio/build/bluepill_f103c6/libFrameworkArduino.a(wiring_analog.c.o)
                0x200004b8                g_anOutputPinConfigured
 .bss.__malloc_sbrk_start
                0x200004c8        0x4 /home/aditya/.platformio/packages/toolchain-gccarmnoneeabi@1.120301.0/bin/../lib/gcc/arm-none-eabi/12.3.1/../../../../arm-none-eabi/lib/thumb/v7-m/nofp/libc_nano.a(libc_a-mallocr.o)
                0x200004c8                __malloc_sbrk_start
 .bss.__malloc_free_list
                0x200004cc        0x4 /home/aditya/.platformio/packages/toolchain-gccarmnoneeabi@1.120301.0/bin/../lib/gcc/arm-none-eabi/12.3.1/../../../../arm-none-eabi/lib/thumb/v7-m/nofp/libc_nano.a(libc_a-mallocr.o)
                0x200004cc                __malloc_free_list
 .bss.__sf      0x200004d0      0x138 /home/aditya/.platformio/packages/toolchain-gccarmnoneeabi@1.120301.0/bin/../lib/gcc/arm-none-eabi/12.3.1/../../../../arm-none-eabi/lib/thumb/v7-m/nofp/libc_nano.a(libc_a-findfp.o)
                0x200004d0                __sf
 .bss.errno     0x20000608        0x4 /home/aditya/.platformio/packages/toolchain-gccarmnoneeabi@1.120301.0/bin/../lib/gcc/arm-none-eabi/12.3.1/../../../../arm-none-eabi/lib/thumb/v7-m/nofp/libc_nano.a(libc_a-reent.o)
                0x20000608                errno
 .bss.__lock___malloc_recursive_mutex
                0x2000060c        0x1 /home/aditya/.platformio/packages/toolchain-gccarmnoneeabi@1.120301.0/bin/../lib/gcc/arm-none-eabi/12.3.1/../../../../arm-none-eabi/lib/thumb/v7-m/nofp/libc_nano.a(libc_a-lock.o)
                0x2000060c                __lock___malloc_recursive_mutex
 *(COMMON)
                0x20000610                        . = ALIGN (0x4)
 *fill*         0x2000060d        0x3 
                0x20000610                        _ebss = .
                0x20000610                        __bss_end__ = _ebss
LOAD /home/aditya/.platformio/packages/toolchain-gccarmnoneeabi@1.120301.0/bin/../lib/gcc/arm-none-eabi/12.3.1/thumb/v7-m/nofp/crti.o
LOAD /home/aditya/.platformio/packages/toolchain-gccarmnoneeabi@1.120301.0/bin/../lib/gcc/arm-none-eabi/12.3.1/thumb/v7-m/nofp/crtbegin.o
LOAD /home/aditya/.platformio/packages/toolchain-gccarmnoneeabi@1.120301.0/bin/../lib/gcc/arm-none-eabi/12.3.1/../../../../arm-none-eabi/lib/thumb/v7-m/nofp/crt0.o
                0x00008000                        LD_MAX_SIZE = 0x8000
                0x00002800                        LD_MAX_DATA_SIZE = 0x2800
                0x00000000                        LD_FLASH_OFFSET = 0x0
LOAD .pio/build/bluepill_f103c6/FrameworkArduinoVariant/PeripheralPins.c.o
LOAD .pio/build/bluepill_f103c6/FrameworkArduinoVariant/generic_clock.c.o
LOAD .pio/build/bluepill_f103c6/FrameworkArduinoVariant/variant_BLUEPILL_F103C6.cpp.o
LOAD .pio/build/bluepill_f103c6/FrameworkArduinoVariant/variant_generic.cpp.o
LOAD .pio/build/bluepill_f103c6/SrcWrapper/src/HAL/stm32yyxx_hal.c.o
LOAD .pio/build/bluepill_f103c6/SrcWrapper/src/HAL/stm32yyxx_hal_adc.c.o
LOAD .pio/build/bluepill_f103c6/SrcWrapper/src/HAL/stm32yyxx_hal_adc_ex.c.o
LOAD .pio/build/bluepill_f103c6/SrcWrapper/src/HAL/stm32yyxx_hal_can.c.o
LOAD .pio/build/bluepill_f103c6/SrcWrapper/src/HAL/stm32yyxx_hal_ccb.c.o
LOAD .pio/build/bluepill_f103c6/SrcWrapper/src/HAL/stm32yyxx_hal_cec.c.o
LOAD .pio/build/bluepill_f103c6/SrcWrapper/src/HAL/stm32yyxx_hal_comp.c.o
LOAD .pio/build/bluepill_f103c6/SrcWrapper/src/HAL/stm32yyxx_hal_comp_ex.c.o
LOAD .pio/build/bluepill_f103c6/SrcWrapper/src/HAL/stm32yyxx_hal_cordic.c.o
LOAD .pio/build/bluepill_f103c6/SrcWrapper/src/HAL/stm32yyxx_hal_cortex.c.o
LOAD .pio/build/bluepill_f103c6/SrcWrapper/src/HAL/stm32yyxx_hal_crc.c.o
LOAD .pio/build/bluepill_f103c6/SrcWrapper/src/HAL/stm32yyxx_hal_crc_ex.c.o
LOAD .pio/build/bluepill_f103c6/SrcWrapper/src/HAL/stm32yyxx_hal_cryp.c.o
LOAD .pio/build/bluepill_f103c6/SrcWrapper/src/HAL/stm32yyxx_hal_cryp_ex.c.o
LOAD .pio/build/bluepill_f103c6/SrcWrapper/src/HAL/stm32yyxx_hal_dac.c.o
LOAD .pio/build/bluepill_f103c6/SrcWrapper/src/HAL/stm32yyxx_hal_dac_ex.c.o
LOAD .pio/build/bluepill_f103c6/SrcWrapper/src/HAL/stm32yyxx_hal_dcache.c.o
LOAD .pio/build/bluepill_f103c6/SrcWrapper/src/HAL/stm32yyxx_hal_dcmi.c.o
LOAD .pio/build/bluepill_f103c6/SrcWrapper/src/HAL/stm32yyxx_hal_dcmi_ex.c.o
LOAD .pio/build/bluepill_f103c6/SrcWrapper/src/HAL/stm32yyxx_hal_dfsdm.c.o
LOAD .pio/build/bluepill_f103c6/SrcWrapper/src/HAL/stm32yyxx_hal_dfsdm_ex.c.o
LOAD .pio/build/bluepill_f103c6/SrcWrapper/src/HAL/stm32yyxx_hal_dma.c.o
LOAD .pio/build/bluepill_f103c6/SrcWrapper/src/HAL/stm32yyxx_hal_dma2d.c.o
LOAD .pio/build/bluepill_f103c6/SrcWrapper/src/HAL/stm32yyxx_hal_dma_ex.c.o
LOAD .pio/build/bluepill_f103c6/SrcWrapper/src/HAL/stm32yyxx_hal_dsi.c.o
LOAD .pio/build/bluepill_f103c6/SrcWrapper/src/HAL/stm32yyxx_hal_dts.c.o
LOAD .pio/build/bluepill_f103c6/SrcWrapper/src/HAL/stm32yyxx_hal_eth.c.o
LOAD .pio/build/bluepill_f103c6/SrcWrapper/src/HAL/stm32yyxx_hal_eth_ex.c.o
LOAD .pio/build/bluepill_f103c6/SrcWrapper/src/HAL/stm32yyxx_hal_exti.c.o
LOAD .pio/build/bluepill_f103c6/SrcWrapper/src/HAL/stm32yyxx_hal_fdcan.c.o
LOAD .pio/build/bluepill_f103c6/SrcWrapper/src/HAL/stm32yyxx_hal_firewall.c.o
LOAD .pio/build/bluepill_f103c6/SrcWrapper/src/HAL/stm32yyxx_hal_flash.c.o
LOAD .pio/build/bluepill_f103c6/SrcWrapper/src/HAL/stm32yyxx_hal_flash_ex.c.o
LOAD .pio/build/bluepill_f103c6/SrcWrapper/src/HAL/stm32yyxx_hal_flash_ramfunc.c.o
LOAD .pio/build/bluepill_f103c6/SrcWrapper/src/HAL/stm32yyxx_hal_fmac.c.o
LOAD .pio/build/bluepill_f103c6/SrcWrapper/src/HAL/stm32yyxx_hal_fmpi2c.c.o
LOAD .pio/build/bluepill_f103c6/SrcWrapper/src/HAL/stm32yyxx_hal_fmpi2c_ex.c.o
LOAD .pio/build/bluepill_f103c6/SrcWrapper/src/HAL/stm32yyxx_hal_fmpsmbus.c.o
LOAD .pio/build/bluepill_f103c6/SrcWrapper/src/HAL/stm32yyxx_hal_fmpsmbus_ex.c.o
LOAD .pio/build/bluepill_f103c6/SrcWrapper/src/HAL/stm32yyxx_hal_gfxmmu.c.o
LOAD .pio/build/bluepill_f103c6/SrcWrapper/src/HAL/stm32yyxx_hal_gfxtim.c.o
LOAD .pio/build/bluepill_f103c6/SrcWrapper/src/HAL/stm32yyxx_hal_gpio.c.o
LOAD .pio/build/bluepill_f103c6/SrcWrapper/src/HAL/stm32yyxx_hal_gpio_ex.c.o
LOAD .pio/build/bluepill_f103c6/SrcWrapper/src/HAL/stm32yyxx_hal_gpu2d.c.o
LOAD .pio/build/bluepill_f103c6/SrcWrapper/src/HAL/stm32yyxx_hal_gtzc.c.o
LOAD .pio/build/bluepill_f103c6/SrcWrapper/src/HAL/stm32yyxx_hal_hash.c.o
LOAD .pio/build/bluepill_f103c6/SrcWrapper/src/HAL/stm32yyxx_hal_hash_ex.c.o
LOAD .pio/build/bluepill_f103c6/SrcWrapper/src/HAL/stm32yyxx_hal_hcd.c.o
LOAD .pio/build/bluepill_f103c6/SrcWrapper/src/HAL/stm32yyxx_hal_hrtim.c.o
LOAD .pio/build/bluepill_f103c6/SrcWrapper/src/HAL/stm32yyxx_hal_hsem.c.o
LOAD .pio/build/bluepill_f103c6/SrcWrapper/src/HAL/stm32yyxx_hal_i2c.c.o
LOAD .pio/build/bluepill_f103c6/SrcWrapper/src/HAL/stm32yyxx_hal_i2c_ex.c.o
LOAD .pio/build/bluepill_f103c6/SrcWrapper/src/HAL/stm32yyxx_hal_i2s.c.o
LOAD .pio/build/bluepill_f103c6/SrcWrapper/src/HAL/stm32yyxx_hal_i2s_ex.c.o
LOAD .pio/build/bluepill_f103c6/SrcWrapper/src/HAL/stm32yyxx_hal_i3c.c.o
LOAD .pio/build/bluepill_f103c6/SrcWrapper/src/HAL/stm32yyxx_hal_icache.c.o
LOAD .pio/build/bluepill_f103c6/SrcWrapper/src/HAL/stm32yyxx_hal_ipcc.c.o
LOAD .pio/build/bluepill_f103c6/SrcWrapper/src/HAL/stm32yyxx_hal_irda.c.o
LOAD .pio/build/bluepill_f103c6/SrcWrapper/src/HAL/stm32yyxx_hal_iwdg.c.o
LOAD .pio/build/bluepill_f103c6/SrcWrapper/src/HAL/stm32yyxx_hal_jpeg.c.o
LOAD .pio/build/bluepill_f103c6/SrcWrapper/src/HAL/stm32yyxx_hal_lcd.c.o
LOAD .pio/build/bluepill_f103c6/SrcWrapper/src/HAL/stm32yyxx_hal_lpawur.c.o
LOAD .pio/build/bluepill_f103c6/SrcWrapper/src/HAL/stm32yyxx_hal_lptim.c.o
LOAD .pio/build/bluepill_f103c6/SrcWrapper/src/HAL/stm32yyxx_hal_ltdc.c.o
LOAD .pio/build/bluepill_f103c6/SrcWrapper/src/HAL/stm32yyxx_hal_ltdc_ex.c.o
LOAD .pio/build/bluepill_f103c6/SrcWrapper/src/HAL/stm32yyxx_hal_mdf.c.o
LOAD .pio/build/bluepill_f103c6/SrcWrapper/src/HAL/stm32yyxx_hal_mdios.c.o
LOAD .pio/build/bluepill_f103c6/SrcWrapper/src/HAL/stm32yyxx_hal_mdma.c.o
LOAD .pio/build/bluepill_f103c6/SrcWrapper/src/HAL/stm32yyxx_hal_mmc.c.o
LOAD .pio/build/bluepill_f103c6/SrcWrapper/src/HAL/stm32yyxx_hal_mmc_ex.c.o
LOAD .pio/build/bluepill_f103c6/SrcWrapper/src/HAL/stm32yyxx_hal_mrsubg.c.o
LOAD .pio/build/bluepill_f103c6/SrcWrapper/src/HAL/stm32yyxx_hal_mrsubg_timer.c.o
LOAD .pio/build/bluepill_f103c6/SrcWrapper/src/HAL/stm32yyxx_hal_nand.c.o
LOAD .pio/build/bluepill_f103c6/SrcWrapper/src/HAL/stm32yyxx_hal_nor.c.o
LOAD .pio/build/bluepill_f103c6/SrcWrapper/src/HAL/stm32yyxx_hal_opamp.c.o
LOAD .pio/build/bluepill_f103c6/SrcWrapper/src/HAL/stm32yyxx_hal_opamp_ex.c.o
LOAD .pio/build/bluepill_f103c6/SrcWrapper/src/HAL/stm32yyxx_hal_ospi.c.o
LOAD .pio/build/bluepill_f103c6/SrcWrapper/src/HAL/stm32yyxx_hal_otfdec.c.o
LOAD .pio/build/bluepill_f103c6/SrcWrapper/src/HAL/stm32yyxx_hal_pccard.c.o
LOAD .pio/build/bluepill_f103c6/SrcWrapper/src/HAL/stm32yyxx_hal_pcd.c.o
LOAD .pio/build/bluepill_f103c6/SrcWrapper/src/HAL/stm32yyxx_hal_pcd_ex.c.o
LOAD .pio/build/bluepill_f103c6/SrcWrapper/src/HAL/stm32yyxx_hal_pka.c.o
LOAD .pio/build/bluepill_f103c6/SrcWrapper/src/HAL/stm32yyxx_hal_pssi.c.o
LOAD .pio/build/bluepill_f103c6/SrcWrapper/src/HAL/stm32yyxx_hal_pwr.c.o
LOAD .pio/build/bluepill_f103c6/SrcWrapper/src/HAL/stm32yyxx_hal_pwr_ex.c.o
LOAD .pio/build/bluepill_f103c6/SrcWrapper/src/HAL/stm32yyxx_hal_qspi.c.o
LOAD .pio/build/bluepill_f103c6/SrcWrapper/src/HAL/stm32yyxx_hal_radio.c.o
LOAD .pio/build/bluepill_f103c6/SrcWrapper/src/HAL/stm32yyxx_hal_radio_timer.c.o
LOAD .pio/build/bluepill_f103c6/SrcWrapper/src/HAL/stm32yyxx_hal_ramcfg.c.o
LOAD .pio/build/bluepill_f103c6/SrcWrapper/src/HAL/stm32yyxx_hal_ramecc.c.o
LOAD .pio/build/bluepill_f103c6/SrcWrapper/src/HAL/stm32yyxx_hal_rcc.c.o
LOAD .pio/build/bluepill_f103c6/SrcWrapper/src/HAL/stm32yyxx_hal_rcc_ex.c.o
LOAD .pio/build/bluepill_f103c6/SrcWrapper/src/HAL/stm32yyxx_hal_rng.c.o
LOAD .pio/build/bluepill_f103c6/SrcWrapper/src/HAL/stm32yyxx_hal_rng_ex.c.o
LOAD .pio/build/bluepill_f103c6/SrcWrapper/src/HAL/stm32yyxx_hal_rtc.c.o
LOAD .pio/build/bluepill_f103c6/SrcWrapper/src/HAL/stm32yyxx_hal_rtc_ex.c.o
LOAD .pio/build/bluepill_f103c6/SrcWrapper/src/HAL/stm32yyxx_hal_sai.c.o
LOAD .pio/build/bluepill_f103c6/SrcWrapper/src/HAL/stm32yyxx_hal_sai_ex.c.o
LOAD .pio/build/bluepill_f103c6/SrcWrapper/src/HAL/stm32yyxx_hal_sd.c.o
LOAD .pio/build/bluepill_f103c6/SrcWrapper/src/HAL/stm32yyxx_hal_sd_ex.c.o
LOAD .pio/build/bluepill_f103c6/SrcWrapper/src/HAL/stm32yyxx_hal_sdadc.c.o
LOAD .pio/build/bluepill_f103c6/SrcWrapper/src/HAL/stm32yyxx_hal_sdio.c.o
LOAD .pio/build/bluepill_f103c6/SrcWrapper/src/HAL/stm32yyxx_hal_sdram.c.o
LOAD .pio/build/bluepill_f103c6/SrcWrapper/src/HAL/stm32yyxx_hal_smartcard.c.o
LOAD .pio/build/bluepill_f103c6/SrcWrapper/src/HAL/stm32yyxx_hal_smartcard_ex.c.o
LOAD .pio/build/bluepill_f103c6/SrcWrapper/src/HAL/stm32yyxx_hal_smbus.c.o
LOAD .pio/build/bluepill_f103c6/SrcWrapper/src/HAL/stm32yyxx_hal_smbus_ex.c.o
LOAD .pio/build/bluepill_f103c6/SrcWrapper/src/HAL/stm32yyxx_hal_spdifrx.c.o
LOAD .pio/build/bluepill_f103c6/SrcWrapper/src/HAL/stm32yyxx_hal_spi.c.o
LOAD .pio/build/bluepill_f103c6/SrcWrapper/src/HAL/stm32yyxx_hal_spi_ex.c.o
LOAD .pio/build/bluepill_f103c6/SrcWrapper/src/HAL/stm32yyxx_hal_sram.c.o
LOAD .pio/build/bluepill_f103c6/SrcWrapper/src/HAL/stm32yyxx_hal_subghz.c.o
LOAD .pio/build/bluepill_f103c6/SrcWrapper/src/HAL/stm32yyxx_hal_swpmi.c.o
LOAD .pio/build/bluepill_f103c6/SrcWrapper/src/HAL/stm32yyxx_hal_tim.c.o
LOAD .pio/build/bluepill_f103c6/SrcWrapper/src/HAL/stm32yyxx_hal_tim_ex.c.o
LOAD .pio/build/bluepill_f103c6/SrcWrapper/src/HAL/stm32yyxx_hal_tsc.c.o
LOAD .pio/build/bluepill_f103c6/SrcWrapper/src/HAL/stm32yyxx_hal_uart.c.o
LOAD .pio/build/bluepill_f103c6/SrcWrapper/src/HAL/stm32yyxx_hal_uart_ex.c.o
LOAD .pio/build/bluepill_f103c6/SrcWrapper/src/HAL/stm32yyxx_hal_usart.c.o
LOAD .pio/build/bluepill_f103c6/SrcWrapper/src/HAL/stm32yyxx_hal_usart_ex.c.o
LOAD .pio/build/bluepill_f103c6/SrcWrapper/src/HAL/stm32yyxx_hal_wwdg.c.o
LOAD .pio/build/bluepill_f103c6/SrcWrapper/src/HAL/stm32yyxx_hal_xspi.c.o
LOAD .pio/build/bluepill_f103c6/SrcWrapper/src/HardwareTimer.cpp.o
LOAD .pio/build/bluepill_f103c6/SrcWrapper/src/LL/stm32yyxx_ll_adc.c.o
LOAD .pio/build/bluepill_f103c6/SrcWrapper/src/LL/stm32yyxx_ll_bdma.c.o
LOAD .pio/build/bluepill_f103c6/SrcWrapper/src/LL/stm32yyxx_ll_comp.c.o
LOAD .pio/build/bluepill_f103c6/SrcWrapper/src/LL/stm32yyxx_ll_cordic.c.o
LOAD .pio/build/bluepill_f103c6/SrcWrapper/src/LL/stm32yyxx_ll_crc.c.o
LOAD .pio/build/bluepill_f103c6/SrcWrapper/src/LL/stm32yyxx_ll_crs.c.o
LOAD .pio/build/bluepill_f103c6/SrcWrapper/src/LL/stm32yyxx_ll_dac.c.o
LOAD .pio/build/bluepill_f103c6/SrcWrapper/src/LL/stm32yyxx_ll_delayblock.c.o
LOAD .pio/build/bluepill_f103c6/SrcWrapper/src/LL/stm32yyxx_ll_dlyb.c.o
LOAD .pio/build/bluepill_f103c6/SrcWrapper/src/LL/stm32yyxx_ll_dma.c.o
LOAD .pio/build/bluepill_f103c6/SrcWrapper/src/LL/stm32yyxx_ll_dma2d.c.o
LOAD .pio/build/bluepill_f103c6/SrcWrapper/src/LL/stm32yyxx_ll_exti.c.o
LOAD .pio/build/bluepill_f103c6/SrcWrapper/src/LL/stm32yyxx_ll_fmac.c.o
LOAD .pio/build/bluepill_f103c6/SrcWrapper/src/LL/stm32yyxx_ll_fmc.c.o
LOAD .pio/build/bluepill_f103c6/SrcWrapper/src/LL/stm32yyxx_ll_fmpi2c.c.o
LOAD .pio/build/bluepill_f103c6/SrcWrapper/src/LL/stm32yyxx_ll_fsmc.c.o
LOAD .pio/build/bluepill_f103c6/SrcWrapper/src/LL/stm32yyxx_ll_gpio.c.o
LOAD .pio/build/bluepill_f103c6/SrcWrapper/src/LL/stm32yyxx_ll_hrtim.c.o
LOAD .pio/build/bluepill_f103c6/SrcWrapper/src/LL/stm32yyxx_ll_i2c.c.o
LOAD .pio/build/bluepill_f103c6/SrcWrapper/src/LL/stm32yyxx_ll_i3c.c.o
LOAD .pio/build/bluepill_f103c6/SrcWrapper/src/LL/stm32yyxx_ll_icache.c.o
LOAD .pio/build/bluepill_f103c6/SrcWrapper/src/LL/stm32yyxx_ll_lcsc.c.o
LOAD .pio/build/bluepill_f103c6/SrcWrapper/src/LL/stm32yyxx_ll_lpgpio.c.o
LOAD .pio/build/bluepill_f103c6/SrcWrapper/src/LL/stm32yyxx_ll_lptim.c.o
LOAD .pio/build/bluepill_f103c6/SrcWrapper/src/LL/stm32yyxx_ll_lpuart.c.o
LOAD .pio/build/bluepill_f103c6/SrcWrapper/src/LL/stm32yyxx_ll_mdma.c.o
LOAD .pio/build/bluepill_f103c6/SrcWrapper/src/LL/stm32yyxx_ll_opamp.c.o
LOAD .pio/build/bluepill_f103c6/SrcWrapper/src/LL/stm32yyxx_ll_pka.c.o
LOAD .pio/build/bluepill_f103c6/SrcWrapper/src/LL/stm32yyxx_ll_pwr.c.o
LOAD .pio/build/bluepill_f103c6/SrcWrapper/src/LL/stm32yyxx_ll_rcc.c.o
LOAD .pio/build/bluepill_f103c6/SrcWrapper/src/LL/stm32yyxx_ll_rng.c.o
LOAD .pio/build/bluepill_f103c6/SrcWrapper/src/LL/stm32yyxx_ll_rtc.c.o
LOAD .pio/build/bluepill_f103c6/SrcWrapper/src/LL/stm32yyxx_ll_sdmmc.c.o
LOAD .pio/build/bluepill_f103c6/SrcWrapper/src/LL/stm32yyxx_ll_spi.c.o
LOAD .pio/build/bluepill_f103c6/SrcWrapper/src/LL/stm32yyxx_ll_swpmi.c.o
LOAD .pio/build/bluepill_f103c6/SrcWrapper/src/LL/stm32yyxx_ll_system.c.o
LOAD .pio/build/bluepill_f103c6/SrcWrapper/src/LL/stm32yyxx_ll_tim.c.o
LOAD .pio/build/bluepill_f103c6/SrcWrapper/src/LL/stm32yyxx_ll_ucpd.c.o
LOAD .pio/build/bluepill_f103c6/SrcWrapper/src/LL/stm32yyxx_ll_usart.c.o
LOAD .pio/build/bluepill_f103c6/SrcWrapper/src/LL/stm32yyxx_ll_usb.c.o
LOAD .pio/build/bluepill_f103c6/SrcWrapper/src/LL/stm32yyxx_ll_utils.c.o
LOAD .pio/build/bluepill_f103c6/SrcWrapper/src/new.cpp.o
LOAD .pio/build/bluepill_f103c6/SrcWrapper/src/stm32/PortNames.c.o
LOAD .pio/build/bluepill_f103c6/SrcWrapper/src/stm32/analog.cpp.o
LOAD .pio/build/bluepill_f103c6/SrcWrapper/src/stm32/bootloader.c.o
LOAD .pio/build/bluepill_f103c6/SrcWrapper/src/stm32/clock.c.o
LOAD .pio/build/bluepill_f103c6/SrcWrapper/src/stm32/core_callback.c.o
LOAD .pio/build/bluepill_f103c6/SrcWrapper/src/stm32/dwt.c.o
LOAD .pio/build/bluepill_f103c6/SrcWrapper/src/stm32/hw_config.c.o
LOAD .pio/build/bluepill_f103c6/SrcWrapper/src/stm32/interrupt.cpp.o
LOAD .pio/build/bluepill_f103c6/SrcWrapper/src/stm32/otp.c.o
LOAD .pio/build/bluepill_f103c6/SrcWrapper/src/stm32/pinmap.c.o
LOAD .pio/build/bluepill_f103c6/SrcWrapper/src/stm32/stm32_def.c.o
LOAD .pio/build/bluepill_f103c6/SrcWrapper/src/stm32/system_stm32yyxx.c.o
LOAD .pio/build/bluepill_f103c6/SrcWrapper/src/stm32/timer.c.o
LOAD .pio/build/bluepill_f103c6/SrcWrapper/src/stm32/uart.c.o
LOAD .pio/build/bluepill_f103c6/SrcWrapper/src/syscalls.c.o
LOAD .pio/build/bluepill_f103c6/src/main.cpp.o
START GROUP
LOAD .pio/build/bluepill_f103c6/libFrameworkArduino.a
LOAD /home/aditya/.platformio/packages/toolchain-gccarmnoneeabi@1.120301.0/bin/../lib/gcc/arm-none-eabi/12.3.1/thumb/v7-m/nofp/libgcc.a
LOAD /home/aditya/.platformio/packages/toolchain-gccarmnoneeabi@1.120301.0/bin/../lib/gcc/arm-none-eabi/12.3.1/../../../../arm-none-eabi/lib/thumb/v7-m/nofp/libstdc++_nano.a
END GROUP
LOAD /home/aditya/.platformio/packages/toolchain-gccarmnoneeabi@1.120301.0/bin/../lib/gcc/arm-none-eabi/12.3.1/../../../../arm-none-eabi/lib/thumb/v7-m/nofp/libstdc++_nano.a
LOAD /home/aditya/.platformio/packages/toolchain-gccarmnoneeabi@1.120301.0/bin/../lib/gcc/arm-none-eabi/12.3.1/../../../../arm-none-eabi/lib/thumb/v7-m/nofp/libm.a
LOAD /home/aditya/.platformio/packages/toolchain-gccarmnoneeabi@1.120301.0/bin/../lib/gcc/arm-none-eabi/12.3.1/../../../../arm-none-eabi/lib/thumb/v7-m/nofp/libc_nano.a
START GROUP
LOAD /home/aditya/.platformio/packages/toolchain-gccarmnoneeabi@1.120301.0/bin/../lib/gcc/arm-none-eabi/12.3.1/thumb/v7-m/nofp/libgcc.a
LOAD /home/aditya/.platformio/packages/toolchain-gccarmnoneeabi@1.120301.0/bin/../lib/gcc/arm-none-eabi/12.3.1/../../../../arm-none-eabi/lib/thumb/v7-m/nofp/libc_nano.a
END GROUP
START GROUP
LOAD /home/aditya/.platformio/packages/toolchain-gccarmnoneeabi@1.120301.0/bin/../lib/gcc/arm-none-eabi/12.3.1/thumb/v7-m/nofp/libgcc.a
LOAD /home/aditya/.platformio/packages/toolchain-gccarmnoneeabi@1.120301.0/bin/../lib/gcc/arm-none-eabi/12.3.1/../../../../arm-none-eabi/lib/thumb/v7-m/nofp/libc_nano.a
END GROUP
LOAD /home/aditya/.platformio/packages/toolchain-gccarmnoneeabi@1.120301.0/bin/../lib/gcc/arm-none-eabi/12.3.1/thumb/v7-m/nofp/crtend.o
LOAD /home/aditya/.platformio/packages/toolchain-gccarmnoneeabi@1.120301.0/bin/../lib/gcc/arm-none-eabi/12.3.1/thumb/v7-m/nofp/crtn.o

.noinit         0x20000610        0x0
                0x20000610                        . = ALIGN (0x4)
                0x20000610                        _snoinit = .
 *(.noinit)
 *(.noinit*)
                0x20000610                        . = ALIGN (0x4)
                0x20000610                        _enoinit = .

._user_heap_stack
                0x20000610      0x600
                0x20000610                        . = ALIGN (0x8)
                [!provide]                        PROVIDE (end = .)
                0x20000610                        PROVIDE (_end = .)
                0x20000810                        . = (. + _Min_Heap_Size)
 *fill*         0x20000610      0x200 
                0x20000c10                        . = (. + _Min_Stack_Size)
 *fill*         0x20000810      0x400 
                0x20000c10                        . = ALIGN (0x8)

/DISCARD/
 libc.a(*)
 libm.a(*)
 libgcc.a(*)

.ARM.attributes
                0x00000000       0x29
 *(.ARM.attributes)
 .ARM.attributes
                0x00000000       0x1d /home/aditya/.platformio/packages/toolchain-gccarmnoneeabi@1.120301.0/bin/../lib/gcc/arm-none-eabi/12.3.1/thumb/v7-m/nofp/crti.o
 .ARM.attributes
                0x0000001d       0x2d /home/aditya/.platformio/packages/toolchain-gccarmnoneeabi@1.120301.0/bin/../lib/gcc/arm-none-eabi/12.3.1/thumb/v7-m/nofp/crtbegin.o
 .ARM.attributes
                0x0000004a       0x2d .pio/build/bluepill_f103c6/FrameworkArduinoVariant/PeripheralPins.c.o
 .ARM.attributes
                0x00000077       0x2d .pio/build/bluepill_f103c6/FrameworkArduinoVariant/variant_BLUEPILL_F103C6.cpp.o
 .ARM.attributes
                0x000000a4       0x2d .pio/build/bluepill_f103c6/SrcWrapper/src/HAL/stm32yyxx_hal.c.o
 .ARM.attributes
                0x000000d1       0x2d .pio/build/bluepill_f103c6/SrcWrapper/src/HAL/stm32yyxx_hal_adc.c.o
 .ARM.attributes
                0x000000fe       0x2d .pio/build/bluepill_f103c6/SrcWrapper/src/HAL/stm32yyxx_hal_adc_ex.c.o
 .ARM.attributes
                0x0000012b       0x2d .pio/build/bluepill_f103c6/SrcWrapper/src/HAL/stm32yyxx_hal_cortex.c.o
 .ARM.attributes
                0x00000158       0x2d .pio/build/bluepill_f103c6/SrcWrapper/src/HAL/stm32yyxx_hal_crc.c.o
 .ARM.attributes
                0x00000185       0x2d .pio/build/bluepill_f103c6/SrcWrapper/src/HAL/stm32yyxx_hal_dma.c.o
 .ARM.attributes
                0x000001b2       0x2d .pio/build/bluepill_f103c6/SrcWrapper/src/HAL/stm32yyxx_hal_gpio.c.o
 .ARM.attributes
                0x000001df       0x2d .pio/build/bluepill_f103c6/SrcWrapper/src/HAL/stm32yyxx_hal_rcc.c.o
 .ARM.attributes
                0x0000020c       0x2d .pio/build/bluepill_f103c6/SrcWrapper/src/HAL/stm32yyxx_hal_rcc_ex.c.o
 .ARM.attributes
                0x00000239       0x2d .pio/build/bluepill_f103c6/SrcWrapper/src/HAL/stm32yyxx_hal_tim.c.o
 .ARM.attributes
                0x00000266       0x2d .pio/build/bluepill_f103c6/SrcWrapper/src/HAL/stm32yyxx_hal_tim_ex.c.o
 .ARM.attributes
                0x00000293       0x2d .pio/build/bluepill_f103c6/SrcWrapper/src/HAL/stm32yyxx_hal_uart.c.o
 .ARM.attributes
                0x000002c0       0x2d .pio/build/bluepill_f103c6/SrcWrapper/src/HardwareTimer.cpp.o
 .ARM.attributes
                0x000002ed       0x2d .pio/build/bluepill_f103c6/SrcWrapper/src/new.cpp.o
 .ARM.attributes
                0x0000031a       0x2d .pio/build/bluepill_f103c6/SrcWrapper/src/stm32/PortNames.c.o
 .ARM.attributes
                0x00000347       0x2d .pio/build/bluepill_f103c6/SrcWrapper/src/stm32/analog.cpp.o
 .ARM.attributes
                0x00000374       0x2d .pio/build/bluepill_f103c6/SrcWrapper/src/stm32/clock.c.o
 .ARM.attributes
                0x000003a1       0x2d .pio/build/bluepill_f103c6/SrcWrapper/src/stm32/dwt.c.o
 .ARM.attributes
                0x000003ce       0x2d .pio/build/bluepill_f103c6/SrcWrapper/src/stm32/hw_config.c.o
 .ARM.attributes
                0x000003fb       0x2d .pio/build/bluepill_f103c6/SrcWrapper/src/stm32/interrupt.cpp.o
 .ARM.attributes
                0x00000428       0x2d .pio/build/bluepill_f103c6/SrcWrapper/src/stm32/pinmap.c.o
 .ARM.attributes
                0x00000455       0x2d .pio/build/bluepill_f103c6/SrcWrapper/src/stm32/system_stm32yyxx.c.o
 .ARM.attributes
                0x00000482       0x2d .pio/build/bluepill_f103c6/SrcWrapper/src/stm32/timer.c.o
 .ARM.attributes
                0x000004af       0x2d .pio/build/bluepill_f103c6/SrcWrapper/src/stm32/uart.c.o
 .ARM.attributes
                0x000004dc       0x2d .pio/build/bluepill_f103c6/SrcWrapper/src/syscalls.c.o
 .ARM.attributes
                0x00000509       0x2d .pio/build/bluepill_f103c6/src/main.cpp.o
 .ARM.attributes
                0x00000536       0x2d .pio/build/bluepill_f103c6/libFrameworkArduino.a(HardwareSerial.cpp.o)
 .ARM.attributes
                0x00000563       0x2d .pio/build/bluepill_f103c6/libFrameworkArduino.a(Print.cpp.o)
 .ARM.attributes
                0x00000590       0x2d .pio/build/bluepill_f103c6/libFrameworkArduino.a(Stream.cpp.o)
 .ARM.attributes
                0x000005bd       0x2d .pio/build/bluepill_f103c6/libFrameworkArduino.a(main.cpp.o)
 .ARM.attributes
                0x000005ea       0x2d .pio/build/bluepill_f103c6/libFrameworkArduino.a(pins_arduino.c.o)
 .ARM.attributes
                0x00000617       0x21 .pio/build/bluepill_f103c6/libFrameworkArduino.a(startup_stm32yyxx.S.o)
 .ARM.attributes
                0x00000638       0x2d .pio/build/bluepill_f103c6/libFrameworkArduino.a(wiring_analog.c.o)
 .ARM.attributes
                0x00000665       0x2d .pio/build/bluepill_f103c6/libFrameworkArduino.a(wiring_digital.c.o)
 .ARM.attributes
                0x00000692       0x2d .pio/build/bluepill_f103c6/libFrameworkArduino.a(wiring_time.c.o)
 .ARM.attributes
                0x000006bf       0x2d .pio/build/bluepill_f103c6/libFrameworkArduino.a(WSerial.cpp.o)
 .ARM.attributes
                0x000006ec       0x2d .pio/build/bluepill_f103c6/libFrameworkArduino.a(board.c.o)
 .ARM.attributes
                0x00000719       0x2d .pio/build/bluepill_f103c6/libFrameworkArduino.a(hooks.c.o)
 .ARM.attributes
                0x00000746       0x2d /home/aditya/.platformio/packages/toolchain-gccarmnoneeabi@1.120301.0/bin/../lib/gcc/arm-none-eabi/12.3.1/../../../../arm-none-eabi/lib/thumb/v7-m/nofp/libstdc++_nano.a(functional.o)
 .ARM.attributes
                0x00000773       0x2d /home/aditya/.platformio/packages/toolchain-gccarmnoneeabi@1.120301.0/bin/../lib/gcc/arm-none-eabi/12.3.1/../../../../arm-none-eabi/lib/thumb/v7-m/nofp/libc_nano.a(libc_a-abort.o)
 .ARM.attributes
                0x000007a0       0x2d /home/aditya/.platformio/packages/toolchain-gccarmnoneeabi@1.120301.0/bin/../lib/gcc/arm-none-eabi/12.3.1/../../../../arm-none-eabi/lib/thumb/v7-m/nofp/libc_nano.a(libc_a-malloc.o)
 .ARM.attributes
                0x000007cd       0x2d /home/aditya/.platformio/packages/toolchain-gccarmnoneeabi@1.120301.0/bin/../lib/gcc/arm-none-eabi/12.3.1/../../../../arm-none-eabi/lib/thumb/v7-m/nofp/libc_nano.a(libc_a-mallocr.o)
 .ARM.attributes
                0x000007fa       0x2d /home/aditya/.platformio/packages/toolchain-gccarmnoneeabi@1.120301.0/bin/../lib/gcc/arm-none-eabi/12.3.1/../../../../arm-none-eabi/lib/thumb/v7-m/nofp/libc_nano.a(libc_a-mlock.o)
 .ARM.attributes
                0x00000827       0x2d /home/aditya/.platformio/packages/toolchain-gccarmnoneeabi@1.120301.0/bin/../lib/gcc/arm-none-eabi/12.3.1/../../../../arm-none-eabi/lib/thumb/v7-m/nofp/libc_nano.a(libc_a-reallocr.o)
 .ARM.attributes
                0x00000854       0x2d /home/aditya/.platformio/packages/toolchain-gccarmnoneeabi@1.120301.0/bin/../lib/gcc/arm-none-eabi/12.3.1/../../../../arm-none-eabi/lib/thumb/v7-m/nofp/libc_nano.a(libc_a-strtoul.o)
 .ARM.attributes
                0x00000881       0x2d /home/aditya/.platformio/packages/toolchain-gccarmnoneeabi@1.120301.0/bin/../lib/gcc/arm-none-eabi/12.3.1/../../../../arm-none-eabi/lib/thumb/v7-m/nofp/libc_nano.a(libc_a-ctype_.o)
 .ARM.attributes
                0x000008ae       0x2d /home/aditya/.platformio/packages/toolchain-gccarmnoneeabi@1.120301.0/bin/../lib/gcc/arm-none-eabi/12.3.1/../../../../arm-none-eabi/lib/thumb/v7-m/nofp/libc_nano.a(libc_a-toupper.o)
 .ARM.attributes
                0x000008db       0x2d /home/aditya/.platformio/packages/toolchain-gccarmnoneeabi@1.120301.0/bin/../lib/gcc/arm-none-eabi/12.3.1/../../../../arm-none-eabi/lib/thumb/v7-m/nofp/libc_nano.a(libc_a-findfp.o)
 .ARM.attributes
                0x00000908       0x2d /home/aditya/.platformio/packages/toolchain-gccarmnoneeabi@1.120301.0/bin/../lib/gcc/arm-none-eabi/12.3.1/../../../../arm-none-eabi/lib/thumb/v7-m/nofp/libc_nano.a(libc_a-snprintf.o)
 .ARM.attributes
                0x00000935       0x2d /home/aditya/.platformio/packages/toolchain-gccarmnoneeabi@1.120301.0/bin/../lib/gcc/arm-none-eabi/12.3.1/../../../../arm-none-eabi/lib/thumb/v7-m/nofp/libc_nano.a(libc_a-memmove.o)
 .ARM.attributes
                0x00000962       0x2d /home/aditya/.platformio/packages/toolchain-gccarmnoneeabi@1.120301.0/bin/../lib/gcc/arm-none-eabi/12.3.1/../../../../arm-none-eabi/lib/thumb/v7-m/nofp/libc_nano.a(libc_a-memset.o)
 .ARM.attributes
                0x0000098f       0x2d /home/aditya/.platformio/packages/toolchain-gccarmnoneeabi@1.120301.0/bin/../lib/gcc/arm-none-eabi/12.3.1/../../../../arm-none-eabi/lib/thumb/v7-m/nofp/libc_nano.a(libc_a-strtok_r.o)
 .ARM.attributes
                0x000009bc       0x2d /home/aditya/.platformio/packages/toolchain-gccarmnoneeabi@1.120301.0/bin/../lib/gcc/arm-none-eabi/12.3.1/../../../../arm-none-eabi/lib/thumb/v7-m/nofp/libc_nano.a(libc_a-signal.o)
 .ARM.attributes
                0x000009e9       0x2d /home/aditya/.platformio/packages/toolchain-gccarmnoneeabi@1.120301.0/bin/../lib/gcc/arm-none-eabi/12.3.1/../../../../arm-none-eabi/lib/thumb/v7-m/nofp/libc_nano.a(libc_a-reent.o)
 .ARM.attributes
                0x00000a16       0x2d /home/aditya/.platformio/packages/toolchain-gccarmnoneeabi@1.120301.0/bin/../lib/gcc/arm-none-eabi/12.3.1/../../../../arm-none-eabi/lib/thumb/v7-m/nofp/libc_nano.a(libc_a-impure.o)